Microchip MPLAB XC8 Compiler V3.10

Linker command line:

-W-3 --edf=/opt/microchip/xc8/v3.10/pic/dat/20250813170317_en.msgs -cn \
  -h+dist/default/production/Car_Black_Box_santhoshtk.X.production.sym \
  --cmf=dist/default/production/Car_Black_Box_santhoshtk.X.production.cmf \
  -z -Q16F877A -o/tmp/xcXiEimJo/driver_tmp_3.o --defsym=__MPLAB_BUILD=1 \
  --fixupoverflow=error \
  -Mdist/default/production/Car_Black_Box_santhoshtk.X.production.map \
  --md=/tmp/xcXiEimJo/driver_tmp_0.dat -E1 -ver=XC8 Compiler \
  -ACODE=00h-07FFhx4 -ASTRCODE=00h-01FFFh -ASTRING=00h-0FFhx32 \
  -ACONST=00h-0FFhx32 -AENTRY=00h-0FFhx32 -ACOMMON=070h-07Fh \
  -ABANK0=020h-06Fh -ABANK1=0A0h-0EFh -ABANK2=0110h-016Fh \
  -ABANK3=0190h-01EFh -ARAM=020h-06Fh,0A0h-0EFh,0110h-016Fh,0190h-01EFh \
  -AABS1=020h-07Fh,0A0h-0EFh,0110h-016Fh,0190h-01EFh -ASFR0=00h-01Fh \
  -ASFR1=080h-09Fh -ASFR2=0100h-010Fh -ASFR3=0180h-018Fh \
  -ACONFIG=02007h-02007h -DCONFIG=2 -AIDLOC=02000h-02003h -DIDLOC=2 \
  -AEEDATA=00h-0FFh/02100h -peeprom_data=EEDATA -DEEDATA=2 -DCODE=2 \
  -DSTRCODE=2 -DSTRING=2 -DCONST=2 -DENTRY=2 \
  -preset_vec=00h,intentry=04h,sivt,init,end_init -ppowerup=CODE \
  -pcinit=CODE -pfunctab=ENTRY -k /tmp/xcXiEimJo/driver_tmp_12.o \
  dist/default/production/Car_Black_Box_santhoshtk.X.production.o 

Object code version is 3.11

Machine type is 16F877A



                Name                               Link     Load   Length Selector   Space Scale
/tmp/xcXiEimJo/driver_tmp_12.o
                end_init                              C        C        3        8       0
                reset_vec                             0        0        3        0       0
                config                             2007     2007        1        0       4
                idloc                              2000     2000        4        0       5
dist/default/production/Car_Black_Box_santhoshtk.X.production.o
                cinit                                 F        F       31        8       0
                intentry                              4        4        8        8       0
                config                             2007     2007        1        0       4
                idloc                              2000     2000        4        0       5
                text55                             15C0     15C0       28     2B80       0
                text54                              294      294      1CA        8       0
                text53                              AF0      AF0       76     15E0       0
                text52                              86E      86E       42     10DC       0
                text51                              C7F      C7F       B6     18FE       0
                text50                             175C     175C       36     2EB8       0
                text49                             1668     1668       2F     2CD0       0
                text48                              8B0      8B0       52     1160       0
                text47                              4F3      4F3        D        8       0
                text46                             150F     150F       21     2A1E       0
                text45                             13DA     13DA        9     27B4       0
                text44                             13E3     13E3        9     27C6       0
                text43                             13F6     13F6        B     27EC       0
                text42                             1401     1401        B     2802       0
                text41                             1612     1612       2B     2C24       0
                text40                             14EF     14EF       20     29DE       0
                text39                             1473     1473       1F     28E6       0
                text38                             17C8     17C8       38     2F90       0
                text37                             1697     1697       30     2D2E       0
                text36                              D35      D35       CE     1A6A       0
                text35                              EF3      EF3      10D     1DE6       0
                text34                             13C3     13C3        7     2786       0
                text33                              9B6      9B6       63     136C       0
                text32                             140C     140C        B     2818       0
                text31                             13BD     13BD        6     277A       0
                text30                             1530     1530       22     2A60       0
                text29                             1435     1435       14     286A       0
                text28                              A19      A19       66     1432       0
                text27                             16F7     16F7       32     2DEE       0
                text26                             16C7     16C7       30     2D8E       0
                text25                              801      801       34     1002       0
                text24                             15E8     15E8       2A     2BD0       0
                text23                             1449     1449       15     2892       0
                text22                             13EC     13EC        A     27D8       0
                text21                              902      902       59     1204       0
                text20                              69B      69B      13D      D36       0
                text19                             1492     1492       1F     2924       0
                text18                             13CA     13CA        8     2794       0
                text17                              BED      BED       92     17DA       0
                text16                              7D8      7D8       28      D36       0
                text15                             145E     145E       15     28BC       0
                text14                              A7F      A7F       71     14FE       0
                text13                             14B1     14B1       1F     2962       0
                text12                             1417     1417        B     282E       0
                text11                             159A     159A       26     2B34       0
                text10                             1575     1575       25     2AEA       0
                text9                              163D     163D       2B     2C7A       0
                text8                              1552     1552       23     2AA4       0
                text7                               B66      B66       87     16CC       0
                text6                               95B      95B       5B     12B6       0
                text5                              1792     1792       36     2F24       0
                text4                               835      835       39     106A       0
                text3                                40       40      254        8       0
                text2                               45E      45E       95        8       0
                text1                               E03      E03       F0     1C06       0
                maintext                           1729     1729       33     2E52       0
                cstackBANK0                          20       20       2F       20       1
                cstackCOMMON                         70       70        A       70       1
                clrtext                            13D2     13D2        8     27A4       0
                inittext                           1422     1422       13     2844       0
                dataBANK1                            C6       C6       1F       A0       1
                bssBANK1                             A0       A0       26       A0       1
                dataBANK0                            6B       6B        3       20       1
                bssBANK0                             4F       4F       1C       20       1
                bssCOMMON                            7A       7A        2       70       1
                stringtext                          500      500      19B        A       0
                strings                            1000     1000       12     2000       0
                idataBANK1                         14D0     14D0       1F     29A0       0
                idataBANK0                         13BA     13BA        3     2774       0

TOTAL           Name                               Link     Load   Length     Space
        CLASS   CODE           
                end_init                              C        C        3         0
                cinit                                 F        F       31         0
                intentry                              4        4        8         0
                reset_vec                             0        0        3         0
                text55                             15C0     15C0       28         0
                text54                              294      294      1CA         0
                text53                              AF0      AF0       76         0
                text52                              86E      86E       42         0
                text51                              C7F      C7F       B6         0
                text50                             175C     175C       36         0
                text49                             1668     1668       2F         0
                text48                              8B0      8B0       52         0
                text47                              4F3      4F3        D         0
                text46                             150F     150F       21         0
                text45                             13DA     13DA        9         0
                text44                             13E3     13E3        9         0
                text43                             13F6     13F6        B         0
                text42                             1401     1401        B         0
                text41                             1612     1612       2B         0
                text40                             14EF     14EF       20         0
                text39                             1473     1473       1F         0
                text38                             17C8     17C8       38         0
                text37                             1697     1697       30         0
                text36                              D35      D35       CE         0
                text35                              EF3      EF3      10D         0
                text34                             13C3     13C3        7         0
                text33                              9B6      9B6       63         0
                text32                             140C     140C        B         0
                text31                             13BD     13BD        6         0
                text30                             1530     1530       22         0
                text29                             1435     1435       14         0
                text28                              A19      A19       66         0
                text27                             16F7     16F7       32         0
                text26                             16C7     16C7       30         0
                text25                              801      801       34         0
                text24                             15E8     15E8       2A         0
                text23                             1449     1449       15         0
                text22                             13EC     13EC        A         0
                text21                              902      902       59         0
                text20                              69B      69B      13D         0
                text19                             1492     1492       1F         0
                text18                             13CA     13CA        8         0
                text17                              BED      BED       92         0
                text16                              7D8      7D8       28         0
                text15                             145E     145E       15         0
                text14                              A7F      A7F       71         0
                text13                             14B1     14B1       1F         0
                text12                             1417     1417        B         0
                text11                             159A     159A       26         0
                text10                             1575     1575       25         0
                text9                              163D     163D       2B         0
                text8                              1552     1552       23         0
                text7                               B66      B66       87         0
                text6                               95B      95B       5B         0
                text5                              1792     1792       36         0
                text4                               835      835       39         0
                text3                                40       40      254         0
                text2                               45E      45E       95         0
                text1                               E03      E03       F0         0
                maintext                           1729     1729       33         0
                clrtext                            13D2     13D2        8         0
                inittext                           1422     1422       13         0
                idataBANK1                         14D0     14D0       1F         0
                idataBANK0                         13BA     13BA        3         0

        CLASS   STRCODE        
                stringtext                          500      500      19B         0

        CLASS   STRING         
                strings                            1000     1000       12         0

        CLASS   CONST          

        CLASS   ENTRY          

        CLASS   COMMON         
                cstackCOMMON                         70       70        A         1
                bssCOMMON                            7A       7A        2         1

        CLASS   BANK0          
                cstackBANK0                          20       20       2F         1
                dataBANK0                            6B       6B        3         1
                bssBANK0                             4F       4F       1C         1

        CLASS   BANK1          
                dataBANK1                            C6       C6       1F         1
                bssBANK1                             A0       A0       26         1

        CLASS   BANK2          

        CLASS   BANK3          

        CLASS   RAM            

        CLASS   ABS1           
                abs_s1                               7E       7E        2         1

        CLASS   SFR0           

        CLASS   SFR1           

        CLASS   SFR2           

        CLASS   SFR3           

        CLASS   CONFIG         
                config                             2007     2007        1         4

        CLASS   IDLOC          
                idloc                              2000     2000        4         5

        CLASS   EEDATA         

        CLASS   HEAP           

        CLASS   STACK          



SEGMENTS        Name                           Load    Length   Top    Selector   Space  Class     Delta

                text10                         001575  000025  00159A      2AEA       0  CODE        2
                text8                          001552  000023  001575      2AA4       0  CODE        2
                text55                         0015C0  000028  0015E8      2B80       0  CODE        2
                text11                         00159A  000026  0015C0      2B34       0  CODE        2
                text30                         001530  000022  001552      2A60       0  CODE        2
                idataBANK1                     0014D0  00001F  0014EF      29A0       0  CODE        2
                text13                         0014B1  00001F  0014D0      2962       0  CODE        2
                text46                         00150F  000021  001530      2A1E       0  CODE        2
                text40                         0014EF  000020  00150F      29DE       0  CODE        2
                text24                         0015E8  00002A  001612      2BD0       0  CODE        2
                maintext                       001729  000033  00175C      2E52       0  CODE        2
                text27                         0016F7  000032  001729      2DEE       0  CODE        2
                text50                         00175C  000036  001792      2EB8       0  CODE        2
                text25                         000801  000034  000835      1002       0  CODE        2
                text26                         0016C7  000030  0016F7      2D8E       0  CODE        2
                text9                          00163D  00002B  001668      2C7A       0  CODE        2
                text41                         001612  00002B  00163D      2C24       0  CODE        2
                text37                         001697  000030  0016C7      2D2E       0  CODE        2
                text49                         001668  00002F  001697      2CD0       0  CODE        2
                text44                         0013E3  000009  0013EC      27C6       0  CODE        2
                text45                         0013DA  000009  0013E3      27B4       0  CODE        2
                text43                         0013F6  00000B  001401      27EC       0  CODE        2
                text22                         0013EC  00000A  0013F6      27D8       0  CODE        2
                clrtext                        0013D2  000008  0013DA      27A4       0  CODE        2
                text31                         0013BD  000006  0013C3      277A       0  CODE        2
                idataBANK0                     0013BA  000003  0013BD      2774       0  CODE        2
                text18                         0013CA  000008  0013D2      2794       0  CODE        2
                text34                         0013C3  000007  0013CA      2786       0  CODE        2
                text42                         001401  00000B  00140C      2802       0  CODE        2
                text15                         00145E  000015  001473      28BC       0  CODE        2
                text23                         001449  000015  00145E      2892       0  CODE        2
                text19                         001492  00001F  0014B1      2924       0  CODE        2
                text39                         001473  00001F  001492      28E6       0  CODE        2
                text29                         001435  000014  001449      286A       0  CODE        2
                text12                         001417  00000B  001422      282E       0  CODE        2
                text32                         00140C  00000B  001417      2818       0  CODE        2
                inittext                       001422  000013  001435      2844       0  CODE        2
                strings                        001000  000012  001012      2000       0  STRING      2
                cstackBANK0                    000020  00004E  00006E        20       1  BANK0       1
                reset_vec                      000000  000003  000003         0       0  CODE        2
                bssBANK1                       0000A0  000045  0000E5        A0       1  BANK1       1
                cstackCOMMON                   000070  00000C  00007C        70       1  COMMON      1
                intentry                       000004  0004FC  000500         8       0  CODE        2
                text6                          00095B  00005B  0009B6      12B6       0  CODE        2
                text21                         000902  000059  00095B      1204       0  CODE        2
                text28                         000A19  000066  000A7F      1432       0  CODE        2
                text33                         0009B6  000063  000A19      136C       0  CODE        2
                text48                         0008B0  000052  000902      1160       0  CODE        2
                text38                         0017C8  000038  001800      2F90       0  CODE        2
                text5                          001792  000036  0017C8      2F24       0  CODE        2
                text52                         00086E  000042  0008B0      10DC       0  CODE        2
                text4                          000835  000039  00086E      106A       0  CODE        2
                text14                         000A7F  000071  000AF0      14FE       0  CODE        2
                text35                         000EF3  00010D  001000      1DE6       0  CODE        2
                text1                          000E03  0000F0  000EF3      1C06       0  CODE        2
                stringtext                     000500  00019B  00069B         A       0  STRCODE     2
                text20                         00069B  000165  000800       D36       0  CODE        2
                text36                         000D35  0000CE  000E03      1A6A       0  CODE        2
                text7                          000B66  000087  000BED      16CC       0  CODE        2
                text53                         000AF0  000076  000B66      15E0       0  CODE        2
                text51                         000C7F  0000B6  000D35      18FE       0  CODE        2
                text17                         000BED  000092  000C7F      17DA       0  CODE        2


UNUSED ADDRESS RANGES

        Name                Unused          Largest block    Delta
        BANK0            006E-006F              2           1
        BANK1            00E5-00EF              B           1
        BANK2            0110-016F             60           1
        BANK3            0190-01EF             60           1
        CODE             0003-0003              1           2
                         0800-0800              1
                         1012-13B9            3A8
                         1800-1FFF            800
        COMMON           007C-007D              2           1
        CONST            0003-0003              1           2
                         0800-0800              1
                         1012-13B9            100
                         1800-1FFF            100
        EEDATA           2100-21FF            100           2
        ENTRY            0003-0003              1           2
                         0800-0800              1
                         1012-13B9            100
                         1800-1FFF            100
        RAM              006E-006F              2           1
                         00E5-00EF              B
                         0110-016F             60
                         0190-01EF             60
        SFR0             0000-001F             20           1
        SFR1             0080-009F             20           1
        SFR2             0100-010F             10           1
        SFR3             0180-018F             10           1
        STRCODE          0003-0003              1           2
                         0800-0800              1
                         1012-13B9            3A8
                         1800-1FFF            800
        STRING           0003-0003              1           2
                         0800-0800              1
                         1012-13B9            100
                         1800-1FFF            100

                                  Symbol Table

?___fldiv                             cstackBANK0  0026
?___fltol                             cstackBANK0  0040
?___lldiv                             cstackCOMMON 0072
?___lwdiv                             cstackCOMMON 0072
?___lwmod                             cstackCOMMON 0072
?___wmul                              cstackCOMMON 0072
?___xxtofl                            cstackCOMMON 0072
?_read_adc                            cstackCOMMON 0072
?_strcmp                              cstackCOMMON 0072
_ACKDT                                (abs)        048D
_ACKEN                                (abs)        048C
_ACKSTAT                              (abs)        048E
_ADCON0                               (abs)        001F
_ADFM                                 (abs)        04FF
_ADON                                 (abs)        00F8
_ADRESH                               (abs)        001E
_ADRESL                               (abs)        009E
_CREN                                 (abs)        00C4
_GIE                                  (abs)        005F
_GO                                   (abs)        00FA
_PEN                                  (abs)        048A
_PORTB                                (abs)        0006
_PORTD                                (abs)        0008
_PSA                                  (abs)        040B
_RCEN                                 (abs)        048B
_RCIF                                 (abs)        0065
_RCREG                                (abs)        001A
_RE1                                  (abs)        0049
_RE2                                  (abs)        004A
_R_nW                                 (abs)        04A2
_SEN                                  (abs)        0488
_SPBRG                                (abs)        0099
_SPEN                                 (abs)        00C7
_SSPADD                               (abs)        0093
_SSPBUF                               (abs)        0013
_SSPCON2                              (abs)        0091
_SSPEN                                (abs)        00A5
_SSPM3                                (abs)        00A3
_T0CS                                 (abs)        040D
_TMR0                                 (abs)        0001
_TMR0IE                               (abs)        005D
_TMR0IF                               (abs)        005A
_TRISB                                (abs)        0086
_TRISD                                (abs)        0088
_TRISE1                               (abs)        0449
_TRISE2                               (abs)        044A
_TXIF                                 (abs)        0064
_TXREG                                (abs)        0019
__H__absolute__                       __absolute__ 0000
__Habs1                               abs1         0000
__Hbank0                              bank0        0000
__Hbank1                              bank1        0000
__Hbank2                              bank2        0000
__Hbank3                              bank3        0000
__HbssBANK0                           bssBANK0     0000
__HbssBANK1                           bssBANK1     0000
__HbssCOMMON                          bssCOMMON    0000
__Hcinit                              cinit        0040
__Hclrtext                            clrtext      0000
__Hcode                               code         0000
__Hcommon                             common       0000
__Hconfig                             config       2008
__HcstackBANK0                        cstackBANK0  0000
__HcstackCOMMON                       cstackCOMMON 0000
__HdataBANK0                          dataBANK0    0000
__HdataBANK1                          dataBANK1    0000
__Heeprom_data                        eeprom_data  0000
__Hend_init                           end_init     000F
__Hfunctab                            functab      0000
__Hheap                               heap         0000
__HidataBANK0                         idataBANK0   0000
__HidataBANK1                         idataBANK1   0000
__Hidloc                              idloc        2004
__Hinit                               init         000C
__Hinittext                           inittext     0000
__Hintentry                           intentry     000C
__Hmaintext                           maintext     0000
__Hpowerup                            powerup      0000
__Hram                                ram          0000
__Hreset_vec                          reset_vec    0003
__Hsfr0                               sfr0         0000
__Hsfr1                               sfr1         0000
__Hsfr2                               sfr2         0000
__Hsfr3                               sfr3         0000
__Hsivt                               sivt         000C
__Hspace_0                            (abs)        1800
__Hspace_1                            (abs)        00E5
__Hspace_2                            (abs)        0000
__Hspace_3                            (abs)        0000
__Hspace_4                            (abs)        400F
__Hstack                              stack        0000
__Hstrings                            strings      0000
__Hstringtext                         stringtext   0000
__Htext                               text         0000
__L__absolute__                       __absolute__ 0000
__Labs1                               abs1         0000
__Lbank0                              bank0        0000
__Lbank1                              bank1        0000
__Lbank2                              bank2        0000
__Lbank3                              bank3        0000
__LbssBANK0                           bssBANK0     0000
__LbssBANK1                           bssBANK1     0000
__LbssCOMMON                          bssCOMMON    0000
__Lcinit                              cinit        000F
__Lclrtext                            clrtext      0000
__Lcode                               code         0000
__Lcommon                             common       0000
__Lconfig                             config       0000
__LcstackBANK0                        cstackBANK0  0000
__LcstackCOMMON                       cstackCOMMON 0000
__LdataBANK0                          dataBANK0    0000
__LdataBANK1                          dataBANK1    0000
__Leeprom_data                        eeprom_data  0000
__Lend_init                           end_init     000C
__Lfunctab                            functab      0000
__Lheap                               heap         0000
__LidataBANK0                         idataBANK0   0000
__LidataBANK1                         idataBANK1   0000
__Lidloc                              idloc        0000
__Linit                               init         000C
__Linittext                           inittext     0000
__Lintentry                           intentry     0004
__Lmaintext                           maintext     0000
__Lpowerup                            powerup      0000
__Lram                                ram          0000
__Lreset_vec                          reset_vec    0000
__Lsfr0                               sfr0         0000
__Lsfr1                               sfr1         0000
__Lsfr2                               sfr2         0000
__Lsfr3                               sfr3         0000
__Lsivt                               sivt         000C
__Lspace_0                            (abs)        0000
__Lspace_1                            (abs)        0000
__Lspace_2                            (abs)        0000
__Lspace_3                            (abs)        0000
__Lspace_4                            (abs)        0000
__Lstack                              stack        0000
__Lstrings                            strings      0000
__Lstringtext                         stringtext   0000
__Ltext                               text         0000
__S0                                  (abs)        1800
__S1                                  (abs)        00E5
__S3                                  (abs)        0000
___fldiv                              text54       0294
___fldiv@a                            cstackBANK0  0026
___fldiv@aexp                         cstackBANK0  003F
___fldiv@b                            cstackBANK0  002A
___fldiv@bexp                         cstackBANK0  003E
___fldiv@grs                          cstackBANK0  003A
___fldiv@new_exp                      cstackBANK0  0038
___fldiv@rem                          cstackBANK0  0033
___fldiv@sign                         cstackBANK0  0037
___fltol                              text53       0AF0
___fltol@exp1                         cstackBANK0  0049
___fltol@f1                           cstackBANK0  0040
___fltol@sign1                        cstackBANK0  0048
___heap_hi                            (abs)        0000
___heap_lo                            (abs)        0000
___int_sp                             stack        0000
___int_stack_hi                       stack        0000
___int_stack_lo                       stack        0000
___latbits                            (abs)        0002
___lldiv                              text28       0A19
___lldiv@counter                      cstackBANK0  0025
___lldiv@dividend                     cstackCOMMON 0076
___lldiv@divisor                      cstackCOMMON 0072
___lldiv@quotient                     cstackBANK0  0021
___lwdiv                              text52       086E
___lwdiv@counter                      cstackCOMMON 0078
___lwdiv@dividend                     cstackCOMMON 0074
___lwdiv@divisor                      cstackCOMMON 0072
___lwdiv@quotient                     cstackCOMMON 0076
___lwmod                              text38       17C8
___lwmod@counter                      cstackCOMMON 0076
___lwmod@dividend                     cstackCOMMON 0074
___lwmod@divisor                      cstackCOMMON 0072
___sp                                 stack        0000
___stack_hi                           stack        0000
___stack_lo                           stack        0000
___stackhi                            (abs)        0000
___stacklo                            (abs)        0000
___wmul                               text10       1575
___wmul@multiplicand                  cstackCOMMON 0074
___wmul@multiplier                    cstackCOMMON 0072
___wmul@product                       cstackCOMMON 0076
___xxtofl                             text51       0C7F
___xxtofl@arg                         cstackBANK0  0022
___xxtofl@exp                         cstackBANK0  0021
___xxtofl@sign                        cstackBANK0  0020
___xxtofl@val                         cstackCOMMON 0072
__end_of___fldiv                      text54       045E
__end_of___fltol                      text53       0B66
__end_of___lldiv                      text28       0A7F
__end_of___lwdiv                      text52       08B0
__end_of___lwmod                      text38       1800
__end_of___wmul                       text10       159A
__end_of___xxtofl                     text51       0D35
__end_of__initialization              cinit        003C
__end_of__stringtab                   strings      1012
__end_of_auth_user                    text20       07D8
__end_of_change_original_password     text19       14B1
__end_of_change_password              text14       0AF0
__end_of_clcd_print                   text49       1697
__end_of_clcd_putch                   text23       145E
__end_of_clcd_write                   text50       1792
__end_of_clear_log                    text13       14D0
__end_of_clear_screen                 text18       13D2
__end_of_collect_password             text17       0C7F
__end_of_dashboard                    text35       1000
__end_of_display_indicator            text4        086E
__end_of_display_time                 text48       0902
__end_of_download_log                 text6        09B6
__end_of_get_time                     text40       150F
__end_of_i2c_read                     text46       1530
__end_of_i2c_rep_start                text43       1401
__end_of_i2c_start                    text45       13E3
__end_of_i2c_stop                     text44       13EC
__end_of_i2c_wait_for_idle            text47       0500
__end_of_i2c_write                    text42       140C
__end_of_init_adc                     text34       13CA
__end_of_init_clcd                    text32       1417
__end_of_init_config                  text25       0835
__end_of_init_digital_keypad          text31       13C3
__end_of_init_display_controller      text33       0A19
__end_of_init_ds1307                  text29       1449
__end_of_init_i2c                     text27       1729
__end_of_init_timer0                  text22       13F6
__end_of_init_uart                    text26       16F7
__end_of_isr                          text55       15E8
__end_of_main                         maintext     175C
__end_of_main_menu                    text1        0EF3
__end_of_print_star                   text5        17C8
__end_of_put_char                     text12       1422
__end_of_put_s                        text11       15C0
__end_of_read_adc                     text39       1492
__end_of_read_and_format_log          text7        0BED
__end_of_read_digital_keypad          text24       1612
__end_of_read_ds1307                  text41       163D
__end_of_read_event                   text8        1575
__end_of_read_external_eeprom         text9        1668
__end_of_run_delay                    text21       095B
__end_of_set_time                     text3        0294
__end_of_strcmp                       text16       0800
__end_of_strcpy                       text15       1473
__end_of_view_log                     text2        04F3
__end_of_write_ds1307                 text30       1552
__end_of_write_event                  text36       0E03
__end_of_write_external_eeprom        text37       16C7
__initialization                      cinit        000F
__pbssBANK0                           bssBANK0     004F
__pbssBANK1                           bssBANK1     00A0
__pbssCOMMON                          bssCOMMON    007A
__pcstackBANK0                        cstackBANK0  0020
__pcstackCOMMON                       cstackCOMMON 0070
__pdataBANK0                          dataBANK0    006B
__pdataBANK1                          dataBANK1    00C6
__pidataBANK0                         idataBANK0   13BA
__pidataBANK1                         idataBANK1   14D0
__pintentry                           intentry     0004
__pmaintext                           maintext     1729
__pstrings                            strings      1000
__pstringtext                         stringtext   0500
__ptext1                              text1        0E03
__ptext10                             text10       1575
__ptext11                             text11       159A
__ptext12                             text12       1417
__ptext13                             text13       14B1
__ptext14                             text14       0A7F
__ptext15                             text15       145E
__ptext16                             text16       07D8
__ptext17                             text17       0BED
__ptext18                             text18       13CA
__ptext19                             text19       1492
__ptext2                              text2        045E
__ptext20                             text20       069B
__ptext21                             text21       0902
__ptext22                             text22       13EC
__ptext23                             text23       1449
__ptext24                             text24       15E8
__ptext25                             text25       0801
__ptext26                             text26       16C7
__ptext27                             text27       16F7
__ptext28                             text28       0A19
__ptext29                             text29       1435
__ptext3                              text3        0040
__ptext30                             text30       1530
__ptext31                             text31       13BD
__ptext32                             text32       140C
__ptext33                             text33       09B6
__ptext34                             text34       13C3
__ptext35                             text35       0EF3
__ptext36                             text36       0D35
__ptext37                             text37       1697
__ptext38                             text38       17C8
__ptext39                             text39       1473
__ptext4                              text4        0835
__ptext40                             text40       14EF
__ptext41                             text41       1612
__ptext42                             text42       1401
__ptext43                             text43       13F6
__ptext44                             text44       13E3
__ptext45                             text45       13DA
__ptext46                             text46       150F
__ptext47                             text47       04F3
__ptext48                             text48       08B0
__ptext49                             text49       1668
__ptext5                              text5        1792
__ptext50                             text50       175C
__ptext51                             text51       0C7F
__ptext52                             text52       086E
__ptext53                             text53       0AF0
__ptext54                             text54       0294
__ptext55                             text55       15C0
__ptext6                              text6        095B
__ptext7                              text7        0B66
__ptext8                              text8        1552
__ptext9                              text9        163D
__stringbase                          strings      1012
__stringtab                           strings      1000
_access                               bssBANK0     005B
_adc_val                              bssBANK0     0059
_attempt_no                           bssBANK0     0051
_auth_user                            text20       069B
_change_original_password             text19       1492
_change_password                      text14       0A7F
_clcd_print                           text49       1668
_clcd_putch                           text23       1449
_clcd_write                           text50       175C
_clear_log                            text13       14B1
_clear_screen                         text18       13CA
_clock_reg                            bssBANK0     0068
_collect_password                     text17       0BED
_dashboard                            text35       0EF3
_delay                                dataBANK0    006B
_display_indicator                    text4        0835
_display_time                         text48       08B0
_download_log                         text6        095B
_event                                dataBANK1    00C6
_event_count                          bssBANK0     0057
_get_time                             text40       14EF
_i2c_read                             text46       150F
_i2c_rep_start                        text43       13F6
_i2c_start                            text45       13DA
_i2c_stop                             text44       13E3
_i2c_wait_for_idle                    text47       04F3
_i2c_write                            text42       1401
_index                                bssBANK0     0053
_init_adc                             text34       13C3
_init_clcd                            text32       140C
_init_config                          text25       0801
_init_digital_keypad                  text31       13BD
_init_display_controller              text33       09B6
_init_ds1307                          text29       1435
_init_i2c                             text27       16F7
_init_timer0                          text22       13EC
_init_uart                            text26       16C7
_isr                                  text55       15C0
_logs                                 bssBANK1     00A5
_main                                 maintext     1729
_main_menu                            text1        0E03
_menu_options                         dataBANK1    00D6
_nDONE                                (abs)        00FA
_original_password                    dataBANK1    00E0
_pos                                  bssCOMMON    007A
_print_star                           text5        1792
_put_char                             text12       1417
_put_s                                text11       159A
_read_adc                             text39       1473
_read_and_format_log                  text7        0B66
_read_digital_keypad                  text24       15E8
_read_ds1307                          text41       1612
_read_event                           text8        1552
_read_external_eeprom                 text9        163D
_run_delay                            text21       0902
_set_time                             text3        0040
_speed                                bssBANK0     0065
_strcmp                               text16       07D8
_strcpy                               text15       145E
_time                                 bssBANK0     005C
_user_entered_password                bssBANK1     00A0
_view_log                             text2        045E
_write_ds1307                         text30       1530
_write_event                          text36       0D35
_write_external_eeprom                text37       1697
auth_user@i                           cstackBANK0  0025
auth_user@key                         cstackBANK0  0024
btemp                                 (abs)        007E
btemp0                                (abs)        007E
btemp1                                (abs)        007F
change_original_password@i            cstackCOMMON 0074
change_original_password@new_password cstackCOMMON 0072
change_password@new_password          cstackBANK0  0034
change_password@new_password_re_enter cstackBANK0  002F
clcd_print@addr                       cstackCOMMON 0078
clcd_print@str                        cstackCOMMON 0076
clcd_putch@addr                       cstackCOMMON 0079
clcd_putch@data                       cstackBANK0  0020
clcd_write@byte                       cstackCOMMON 0075
clcd_write@mode                       cstackCOMMON 0072
clear_ram0                            clrtext      13D2
collect_password@curr_pass_index      cstackBANK0  0027
collect_password@key                  cstackBANK0  0026
collect_password@password             bssBANK1     00C1
collect_password@re_enter             cstackBANK0  0021
dashboard@key                         cstackBANK0  004C
display_indicator@pos                 cstackBANK0  0020
display_time@clock_reg                cstackCOMMON 0079
download_log@i                        cstackBANK0  002D
end_of_initialization                 cinit        003C
get_time@clock_reg                    cstackCOMMON 0076
i2c_read@ack                          cstackCOMMON 0072
i2c_read@data                         cstackCOMMON 0073
i2c_write@data                        cstackCOMMON 0072
init_ds1307@dummy                     cstackBANK0  0021
init_fetch0                           inittext     1422
init_i2c@baud                         cstackBANK0  0026
init_ram0                             inittext     1426
init_uart@baud                        cstackBANK0  0026
interrupt_function                    intentry     0004
intlevel0                             functab      0000
intlevel1                             functab      0000
intlevel2                             functab      0000
intlevel3                             functab      0000
intlevel4                             functab      0000
intlevel5                             functab      0000
isr@count                             bssBANK0     004F
ltemp0a                               (abs)        0080
main@key                              cstackBANK0  004D
main@operation                        cstackBANK0  004E
main_menu@key                         cstackBANK0  003B
main_menu@menu_index                  cstackBANK0  003F
main_menu@selected_menu               cstackBANK0  003D
main_menu@star                        cstackBANK0  003C
print_star@position                   cstackBANK0  0020
put_char@data                         cstackCOMMON 0072
put_s@s                               cstackCOMMON 0073
read_adc@adc_reg_val                  cstackCOMMON 0075
read_adc@channel                      cstackCOMMON 0077
read_and_format_log@col               cstackBANK0  0025
read_and_format_log@i                 cstackBANK0  0028
read_and_format_log@index             cstackBANK0  0027
read_and_format_log@log               cstackBANK0  0024
read_digital_keypad@mode              cstackCOMMON 0073
read_digital_keypad@once              dataBANK0    006D
read_ds1307@addr                      cstackCOMMON 0074
read_ds1307@data                      cstackCOMMON 0075
read_event@addr                       cstackCOMMON 0078
read_event@event                      bssBANK1     00B6
read_event@i                          cstackBANK0  0020
read_external_eeprom@address          cstackCOMMON 0074
read_external_eeprom@data             cstackCOMMON 0075
reset_vec                             reset_vec    0000
saved_w                               (abs)        007E
set_time@hour                         cstackBANK0  0027
set_time@indicator                    cstackBANK0  002D
set_time@key                          cstackBANK0  0026
set_time@min                          cstackBANK0  0029
set_time@sec                          cstackBANK0  002B
start                                 init         000C
start_initialization                  cinit        000F
strcmp@l                              cstackCOMMON 0072
strcmp@r                              cstackCOMMON 0073
strcpy@d                              cstackBANK0  002B
strcpy@dest                           cstackBANK0  0029
strcpy@src                            cstackBANK0  002A
ttemp0a                               (abs)        007F
view_log@curr_log                     cstackBANK0  002E
view_log@key                          cstackBANK0  002C
write_ds1307@addr                     cstackBANK0  0020
write_ds1307@data                     cstackCOMMON 0079
write_event@address                   bssBANK0     0055
write_event@i                         cstackCOMMON 0077
write_external_eeprom@address         cstackCOMMON 0074
write_external_eeprom@data            cstackCOMMON 0073
write_external_eeprom@wait            cstackCOMMON 0075
wtemp0                                (abs)        007E
wtemp0a                               (abs)        007F


MODULE INFORMATION

Module		Function		Class		Link	Load	Size
/opt/microchip/xc8/v3.10/pic/sources/c99/common/strcmp.c
		_strcmp        		CODE           	07D8	0000	40

/opt/microchip/xc8/v3.10/pic/sources/c99/common/strcmp.c estimated size: 40

/opt/microchip/xc8/v3.10/pic/sources/c99/common/strcpy.c
		_strcpy        		CODE           	145E	0000	21

/opt/microchip/xc8/v3.10/pic/sources/c99/common/strcpy.c estimated size: 21

timers.c
		_init_timer0   		CODE           	13EC	0000	10

timers.c estimated size: 10

digital_keypad.c
		_init_digital_keypad		CODE           	13BD	0000	6
		_read_digital_keypad		CODE           	15E8	0000	42

digital_keypad.c estimated size: 48

uart.c
		_init_uart     		CODE           	16C7	0000	48
		_put_char      		CODE           	1417	0000	11
		_put_s         		CODE           	159A	0000	38

uart.c estimated size: 97

/opt/microchip/xc8/v3.10/pic/sources/c99/common/lwmod.c
		___lwmod       		CODE           	17C8	0000	56

/opt/microchip/xc8/v3.10/pic/sources/c99/common/lwmod.c estimated size: 56

i2c.c
		_i2c_start     		CODE           	13DA	0000	9
		_i2c_rep_start 		CODE           	13F6	0000	11
		_i2c_write     		CODE           	1401	0000	11
		_i2c_stop      		CODE           	13E3	0000	9
		_i2c_read      		CODE           	150F	0000	33
		_init_i2c      		CODE           	16F7	0000	50
		_i2c_wait_for_idle		CODE           	04F3	0000	13

i2c.c estimated size: 136

dashboard.c
		_view_log      		CODE           	045E	0000	149
		_change_password		CODE           	0A7F	0000	113
		_print_star    		CODE           	1792	0000	54
		_read_event    		CODE           	1552	0000	35
		_display_indicator		CODE           	0835	0000	57
		_main_menu     		CODE           	0E03	0000	240
		_download_log  		CODE           	095B	0000	91
		_read_and_format_log		CODE           	0B66	0000	135
		_set_time      		CODE           	0040	0000	596
		_clear_log     		CODE           	14B1	0000	31
		_collect_password		CODE           	0BED	0000	146
		_write_event   		CODE           	0D35	0000	206
		_dashboard     		CODE           	0EF3	0000	269

dashboard.c estimated size: 2122

ds1307.c
		_read_ds1307   		CODE           	1612	0000	43
		_write_ds1307  		CODE           	1530	0000	34
		_display_time  		CODE           	08B0	0000	82
		_get_time      		CODE           	14EF	0000	32
		_init_ds1307   		CODE           	1435	0000	20

ds1307.c estimated size: 211

adc.c
		_init_adc      		CODE           	13C3	0000	7
		_read_adc      		CODE           	1473	0000	31

adc.c estimated size: 38

/opt/microchip/xc8/v3.10/pic/sources/c99/common/Umul16.c
		___wmul        		CODE           	1575	0000	37

/opt/microchip/xc8/v3.10/pic/sources/c99/common/Umul16.c estimated size: 37

isr.c
		_isr           		CODE           	15C0	0000	40

isr.c estimated size: 40

auth.c
		_change_original_password		CODE           	1492	0000	31
		_auth_user     		CODE           	069B	0000	317
		_run_delay     		CODE           	0902	0000	89

auth.c estimated size: 437

external_eeprom.c
		_write_external_eeprom		CODE           	1697	0000	48
		_read_external_eeprom		CODE           	163D	0000	43

external_eeprom.c estimated size: 91

shared
		__stringtab    		STRING         	1000	0000	18
		__initialization		CODE           	000F	0000	45

shared estimated size: 63

clcd.c
		_clcd_write    		CODE           	175C	0000	54
		_clear_screen  		CODE           	13CA	0000	8
		_clcd_print    		CODE           	1668	0000	47
		_clcd_putch    		CODE           	1449	0000	21
		_init_display_controller		CODE           	09B6	0000	99
		_init_clcd     		CODE           	140C	0000	11

clcd.c estimated size: 240

/opt/microchip/xc8/v3.10/pic/sources/c99/common/lwdiv.c
		___lwdiv       		CODE           	086E	0000	66

/opt/microchip/xc8/v3.10/pic/sources/c99/common/lwdiv.c estimated size: 66

/opt/microchip/xc8/v3.10/pic/sources/c99/common/fltol.c
		___fltol       		CODE           	0AF0	0000	118

/opt/microchip/xc8/v3.10/pic/sources/c99/common/fltol.c estimated size: 118

/opt/microchip/xc8/v3.10/pic/sources/c99/common/__lldiv.c
		___lldiv       		CODE           	0A19	0000	102

/opt/microchip/xc8/v3.10/pic/sources/c99/common/__lldiv.c estimated size: 102

/opt/microchip/xc8/v3.10/pic/sources/c99/common/sprcdiv.c
		___fldiv       		CODE           	0294	0000	458

/opt/microchip/xc8/v3.10/pic/sources/c99/common/sprcdiv.c estimated size: 458

/opt/microchip/xc8/v3.10/pic/sources/c99/common/xxtofl.c
		___xxtofl      		CODE           	0C7F	0000	182

/opt/microchip/xc8/v3.10/pic/sources/c99/common/xxtofl.c estimated size: 182

main.c
		_main          		CODE           	1729	0000	51
		_init_config   		CODE           	0801	0000	52

main.c estimated size: 103

