Microchip MPLAB XC8 Compiler V3.10

Linker command line:

-W-3 \
  --edf=C:\Program Files\Microchip\xc8\v3.10\pic\dat\20250813170317_en.msgs \
  -cn -h+dist/default/production\car_blackbox.X.production.sym \
  --cmf=dist/default/production\car_blackbox.X.production.cmf -z -Q16F877A \
  -oC:\Users\HP\AppData\Local\Temp\xcCs550.2\driver_tmp_3.o \
  --defsym=__MPLAB_BUILD=1 --fixupoverflow=error \
  -Mdist/default/production/car_blackbox.X.production.map \
  --md=C:\Users\HP\AppData\Local\Temp\xcCs550.2\driver_tmp_0.dat -E1 \
  -ver=XC8 Compiler -ACODE=00h-07FFhx4 -ASTRCODE=00h-01FFFh \
  -ASTRING=00h-0FFhx32 -ACONST=00h-0FFhx32 -AENTRY=00h-0FFhx32 \
  -ACOMMON=070h-07Fh -ABANK0=020h-06Fh -ABANK1=0A0h-0EFh \
  -ABANK2=0110h-016Fh -ABANK3=0190h-01EFh \
  -ARAM=020h-06Fh,0A0h-0EFh,0110h-016Fh,0190h-01EFh \
  -AABS1=020h-07Fh,0A0h-0EFh,0110h-016Fh,0190h-01EFh -ASFR0=00h-01Fh \
  -ASFR1=080h-09Fh -ASFR2=0100h-010Fh -ASFR3=0180h-018Fh \
  -ACONFIG=02007h-02007h -DCONFIG=2 -AIDLOC=02000h-02003h -DIDLOC=2 \
  -AEEDATA=00h-0FFh/02100h -peeprom_data=EEDATA -DEEDATA=2 -DCODE=2 \
  -DSTRCODE=2 -DSTRING=2 -DCONST=2 -DENTRY=2 \
  -preset_vec=00h,intentry,sivt,init,end_init -ppowerup=CODE -pcinit=CODE \
  -pfunctab=ENTRY -k \
  C:\Users\HP\AppData\Local\Temp\xcCs550.2\driver_tmp_12.o \
  dist/default/production\car_blackbox.X.production.o 

Object code version is 3.11

Machine type is 16F877A



                Name                               Link     Load   Length Selector   Space Scale
C:\Users\HP\AppData\Local\Temp\xcCs550.2\driver_tmp_12.o
                end_init                              0        0        3        0       0
                config                             2007     2007        1        0       4
dist/default/production\car_blackbox.X.production.o
                cinit                               7C7      7C7       39      F8E       0
                config                             2007     2007        1        0       4
                text47                              E36      E36      1CA     1C6C       0
                text46                              A30      A30       76     1460       0
                text45                             13C7     13C7       42     278E       0
                text44                             138F     138F       38     271E       0
                text43                             174A     174A       B6     2E94       0
                text42                             1359     1359       36     26B2       0
                text41                             12C8     12C8       2F     2590       0
                text40                             1409     1409       52     2812       0
                text39                             10E4     10E4        D     21C8       0
                text38                             11DB     11DB       21     23B6       0
                text37                             109D     109D        9     213A       0
                text36                             10A6     10A6        9     214C       0
                text35                             10C3     10C3        B     2186       0
                text34                             10CE     10CE        B     219C       0
                text33                             129D     129D       2B     253A       0
                text32                             11BB     11BB       20     2376       0
                text31                             117D     117D       1F     22FA       0
                text30                             12F7     12F7       30     25EE       0
                text29                             1697     1697       B3     2D2E       0
                text28                                5        5      119        A       0
                text27                             108E     108E        7     211C       0
                text26                             1505     1505       63     2A0A       0
                text25                             10D9     10D9        B     21B2       0
                text24                             1088     1088        6     2110       0
                text23                             115F     115F       1E     22BE       0
                text22                             1102     1102       12     2204       0
                text21                             15CB     15CB       64     2B96       0
                text20                             1327     1327       32     264E       0
                text19                             1114     1114       12     2228       0
                text18                             124A     124A       29     2494       0
                text17                             1568     1568       63     2AD0       0
                text16                             14AE     14AE       57     295C       0
                text15                             10F1     10F1       11     21E2       0
                text14                             1222     1222       28     2444       0
                text13                              2E9      2E9      23D      5D2       0
                text12                             1126     1126       13     224C       0
                text11                              11E      11E      1CB      23C       0
                text10                             145B     145B       53     28B6       0
                text9                               A05      A05       2B     140A       0
                text8                              10AF     10AF        A     215E       0
                text7                              11FC     11FC       26     23F8       0
                text6                               BA2      BA2      12D     1744       0
                text5                              1273     1273       2A     24E6       0
                text4                              1139     1139       13     2272       0
                text3                               526      526      2A1      A4C       0
                text2                               AA6      AA6       FC     154C       0
                text1                               CCF      CCF      167     199E       0
                maintext                           162F     162F       68     2C5E       0
                cstackBANK0                          20       20       31       20       1
                cstackCOMMON                         70       70        E       70       1
                clrtext                            1095     1095        8     212A       0
                inittext                           114C     114C       13     2298       0
                bssBANK3                            190      190       55      190       1
                dataBANK1                            CB       CB       1F       A0       1
                bssBANK1                             A0       A0       2B       A0       1
                dataBANK0                            65       65        A       20       1
                bssBANK0                             51       51       14       20       1
                stringtext                          800      800      203       10       0
                strings                            1000     1000       12     2000       0
                idataBANK1                         119C     119C       1F     2338       0
                idataBANK0                         10B9     10B9        A     2172       0

TOTAL           Name                               Link     Load   Length     Space
        CLASS   CODE           
                end_init                              0        0        3         0
                cinit                               7C7      7C7       39         0
                text47                              E36      E36      1CA         0
                text46                              A30      A30       76         0
                text45                             13C7     13C7       42         0
                text44                             138F     138F       38         0
                text43                             174A     174A       B6         0
                text42                             1359     1359       36         0
                text41                             12C8     12C8       2F         0
                text40                             1409     1409       52         0
                text39                             10E4     10E4        D         0
                text38                             11DB     11DB       21         0
                text37                             109D     109D        9         0
                text36                             10A6     10A6        9         0
                text35                             10C3     10C3        B         0
                text34                             10CE     10CE        B         0
                text33                             129D     129D       2B         0
                text32                             11BB     11BB       20         0
                text31                             117D     117D       1F         0
                text30                             12F7     12F7       30         0
                text29                             1697     1697       B3         0
                text28                                5        5      119         0
                text27                             108E     108E        7         0
                text26                             1505     1505       63         0
                text25                             10D9     10D9        B         0
                text24                             1088     1088        6         0
                text23                             115F     115F       1E         0
                text22                             1102     1102       12         0
                text21                             15CB     15CB       64         0
                text20                             1327     1327       32         0
                text19                             1114     1114       12         0
                text18                             124A     124A       29         0
                text17                             1568     1568       63         0
                text16                             14AE     14AE       57         0
                text15                             10F1     10F1       11         0
                text14                             1222     1222       28         0
                text13                              2E9      2E9      23D         0
                text12                             1126     1126       13         0
                text11                              11E      11E      1CB         0
                text10                             145B     145B       53         0
                text9                               A05      A05       2B         0
                text8                              10AF     10AF        A         0
                text7                              11FC     11FC       26         0
                text6                               BA2      BA2      12D         0
                text5                              1273     1273       2A         0
                text4                              1139     1139       13         0
                text3                               526      526      2A1         0
                text2                               AA6      AA6       FC         0
                text1                               CCF      CCF      167         0
                maintext                           162F     162F       68         0
                clrtext                            1095     1095        8         0
                inittext                           114C     114C       13         0
                idataBANK1                         119C     119C       1F         0
                idataBANK0                         10B9     10B9        A         0

        CLASS   STRCODE        
                stringtext                          800      800      203         0

        CLASS   STRING         
                strings                            1000     1000       12         0

        CLASS   CONST          

        CLASS   ENTRY          

        CLASS   COMMON         
                cstackCOMMON                         70       70        E         1

        CLASS   BANK0          
                cstackBANK0                          20       20       31         1
                dataBANK0                            65       65        A         1
                bssBANK0                             51       51       14         1

        CLASS   BANK1          
                dataBANK1                            CB       CB       1F         1
                bssBANK1                             A0       A0       2B         1

        CLASS   BANK2          

        CLASS   BANK3          
                bssBANK3                            190      190       55         1

        CLASS   RAM            

        CLASS   ABS1           
                abs_s1                               7E       7E        2         1

        CLASS   SFR0           

        CLASS   SFR1           

        CLASS   SFR2           

        CLASS   SFR3           

        CLASS   CONFIG         
                config                             2007     2007        1         4

        CLASS   IDLOC          

        CLASS   EEDATA         

        CLASS   HEAP           

        CLASS   STACK          



SEGMENTS        Name                           Load    Length   Top    Selector   Space  Class     Delta

                reset_vec                      000000  000003  000003         0       0  CODE        2
                text28                         000005  000119  00011E         A       0  CODE        2
                cstackBANK0                    000020  00004F  00006F        20       1  BANK0       1
                cstackCOMMON                   000070  00000E  00007E        70       1  COMMON      1
                bssBANK1                       0000A0  00004A  0000EA        A0       1  BANK1       1
                bssBANK3                       000190  000055  0001E5       190       1  BANK3       1
                text11                         00011E  0001CB  0002E9       23C       0  CODE        2
                text13                         0002E9  00023D  000526       5D2       0  CODE        2
                text3                          000526  0002A1  0007C7       A4C       0  CODE        2
                cinit                          0007C7  000039  000800       F8E       0  CODE        2
                stringtext                     000800  000203  000A03        10       0  STRCODE     2
                text9                          000A05  00002B  000A30      140A       0  CODE        2
                text46                         000A30  000076  000AA6      1460       0  CODE        2
                text2                          000AA6  0000FC  000BA2      154C       0  CODE        2
                text6                          000BA2  00012D  000CCF      1744       0  CODE        2
                text1                          000CCF  000167  000E36      199E       0  CODE        2
                text47                         000E36  0001CA  001000      1C6C       0  CODE        2
                strings                        001000  000012  001012      2000       0  STRING      2
                text24                         001088  000006  00108E      2110       0  CODE        2
                text27                         00108E  000007  001095      211C       0  CODE        2
                clrtext                        001095  000008  00109D      212A       0  CODE        2
                text37                         00109D  000009  0010A6      213A       0  CODE        2
                text36                         0010A6  000009  0010AF      214C       0  CODE        2
                text8                          0010AF  00000A  0010B9      215E       0  CODE        2
                idataBANK0                     0010B9  00000A  0010C3      2172       0  CODE        2
                text35                         0010C3  00000B  0010CE      2186       0  CODE        2
                text34                         0010CE  00000B  0010D9      219C       0  CODE        2
                text25                         0010D9  00000B  0010E4      21B2       0  CODE        2
                text39                         0010E4  00000D  0010F1      21C8       0  CODE        2
                text15                         0010F1  000011  001102      21E2       0  CODE        2
                text22                         001102  000012  001114      2204       0  CODE        2
                text19                         001114  000012  001126      2228       0  CODE        2
                text12                         001126  000013  001139      224C       0  CODE        2
                text4                          001139  000013  00114C      2272       0  CODE        2
                inittext                       00114C  000013  00115F      2298       0  CODE        2
                text23                         00115F  00001E  00117D      22BE       0  CODE        2
                text31                         00117D  00001F  00119C      22FA       0  CODE        2
                idataBANK1                     00119C  00001F  0011BB      2338       0  CODE        2
                text32                         0011BB  000020  0011DB      2376       0  CODE        2
                text38                         0011DB  000021  0011FC      23B6       0  CODE        2
                text7                          0011FC  000026  001222      23F8       0  CODE        2
                text14                         001222  000028  00124A      2444       0  CODE        2
                text18                         00124A  000029  001273      2494       0  CODE        2
                text5                          001273  00002A  00129D      24E6       0  CODE        2
                text33                         00129D  00002B  0012C8      253A       0  CODE        2
                text41                         0012C8  00002F  0012F7      2590       0  CODE        2
                text30                         0012F7  000030  001327      25EE       0  CODE        2
                text20                         001327  000032  001359      264E       0  CODE        2
                text42                         001359  000036  00138F      26B2       0  CODE        2
                text44                         00138F  000038  0013C7      271E       0  CODE        2
                text45                         0013C7  000042  001409      278E       0  CODE        2
                text40                         001409  000052  00145B      2812       0  CODE        2
                text10                         00145B  000053  0014AE      28B6       0  CODE        2
                text16                         0014AE  000057  001505      295C       0  CODE        2
                text26                         001505  000063  001568      2A0A       0  CODE        2
                text17                         001568  000063  0015CB      2AD0       0  CODE        2
                text21                         0015CB  000064  00162F      2B96       0  CODE        2
                maintext                       00162F  000068  001697      2C5E       0  CODE        2
                text29                         001697  0000B3  00174A      2D2E       0  CODE        2
                text43                         00174A  0000B6  001800      2E94       0  CODE        2


UNUSED ADDRESS RANGES

        Name                Unused          Largest block    Delta
        BANK0            006F-006F              1           1
        BANK1            00EA-00EF              6           1
        BANK2            0110-016F             60           1
        BANK3            01E5-01EF              B           1
        CODE             0003-0004              2           2
                         0A03-0A04              2
                         1012-1087             76
                         1800-1FFF            800
        CONST            0003-0004              2           2
                         0A03-0A04              2
                         1012-1087             76
                         1800-1FFF            100
        EEDATA           2100-21FF            100           2
        ENTRY            0003-0004              2           2
                         0A03-0A04              2
                         1012-1087             76
                         1800-1FFF            100
        IDLOC            2000-2003              4           2
        RAM              006F-006F              1           1
                         00EA-00EF              6
                         0110-016F             60
                         01E5-01EF              B
        SFR0             0000-001F             20           1
        SFR1             0080-009F             20           1
        SFR2             0100-010F             10           1
        SFR3             0180-018F             10           1
        STRCODE          0003-0004              2           2
                         0A03-0A04              2
                         1012-1087             76
                         1800-1FFF            800
        STRING           0003-0004              2           2
                         0A03-0A04              2
                         1012-1087             76
                         1800-1FFF            100

                                  Symbol Table

?___awdiv                        cstackCOMMON 0070
?___awmod                        cstackCOMMON 0070
?___fldiv                        cstackBANK0  0026
?___fltol                        cstackBANK0  0040
?___lldiv                        cstackCOMMON 0070
?___lwdiv                        cstackCOMMON 0070
?___lwmod                        cstackCOMMON 0070
?___xxtofl                       cstackCOMMON 0076
?_change_password                cstackCOMMON 007A
?_read_adc                       cstackCOMMON 0070
?_strcmp                         cstackCOMMON 0070
_ACKDT                           (abs)        048D
_ACKEN                           (abs)        048C
_ACKSTAT                         (abs)        048E
_ADCON0                          (abs)        001F
_ADFM                            (abs)        04FF
_ADON                            (abs)        00F8
_ADRESH                          (abs)        001E
_ADRESL                          (abs)        009E
_BRGH                            (abs)        04C2
_CREN                            (abs)        00C4
_GO                              (abs)        00FA
_PEN                             (abs)        048A
_PORTB                           (abs)        0006
_PORTD                           (abs)        0008
_RCEN                            (abs)        048B
_RE1                             (abs)        0049
_RE2                             (abs)        004A
_R_nW                            (abs)        04A2
_SEN                             (abs)        0488
_SPBRG                           (abs)        0099
_SPEN                            (abs)        00C7
_SSPADD                          (abs)        0093
_SSPBUF                          (abs)        0013
_SSPCON2                         (abs)        0091
_SSPEN                           (abs)        00A5
_SSPM3                           (abs)        00A3
_SYNC                            (abs)        04C4
_TRISB                           (abs)        0086
_TRISC6                          (abs)        043E
_TRISC7                          (abs)        043F
_TRISD                           (abs)        0088
_TRISE1                          (abs)        0449
_TRISE2                          (abs)        044A
_TXEN                            (abs)        04C5
_TXIF                            (abs)        0064
_TXREG                           (abs)        0019
__H__absolute__                  __absolute__ 0000
__Habs1                          abs1         0000
__Hbank0                         bank0        0000
__Hbank1                         bank1        0000
__Hbank2                         bank2        0000
__Hbank3                         bank3        0000
__HbssBANK0                      bssBANK0     0000
__HbssBANK1                      bssBANK1     0000
__HbssBANK3                      bssBANK3     0000
__Hcinit                         cinit        0800
__Hclrtext                       clrtext      0000
__Hcode                          code         0000
__Hcommon                        common       0000
__Hconfig                        config       2008
__HcstackBANK0                   cstackBANK0  0000
__HcstackCOMMON                  cstackCOMMON 0000
__HdataBANK0                     dataBANK0    0000
__HdataBANK1                     dataBANK1    0000
__Heeprom_data                   eeprom_data  0000
__Hend_init                      end_init     0003
__Hfunctab                       functab      0000
__Hheap                          heap         0000
__HidataBANK0                    idataBANK0   0000
__HidataBANK1                    idataBANK1   0000
__Hinit                          init         0000
__Hinittext                      inittext     0000
__Hintentry                      intentry     0000
__Hmaintext                      maintext     0000
__Hpowerup                       powerup      0000
__Hram                           ram          0000
__Hreset_vec                     reset_vec    0000
__Hsfr0                          sfr0         0000
__Hsfr1                          sfr1         0000
__Hsfr2                          sfr2         0000
__Hsfr3                          sfr3         0000
__Hsivt                          sivt         0000
__Hspace_0                       (abs)        1800
__Hspace_1                       (abs)        01E5
__Hspace_2                       (abs)        0000
__Hspace_3                       (abs)        0000
__Hspace_4                       (abs)        400F
__Hstack                         stack        0000
__Hstrings                       strings      0000
__Hstringtext                    stringtext   0000
__Htext                          text         0000
__L__absolute__                  __absolute__ 0000
__Labs1                          abs1         0000
__Lbank0                         bank0        0000
__Lbank1                         bank1        0000
__Lbank2                         bank2        0000
__Lbank3                         bank3        0000
__LbssBANK0                      bssBANK0     0000
__LbssBANK1                      bssBANK1     0000
__LbssBANK3                      bssBANK3     0000
__Lcinit                         cinit        07C7
__Lclrtext                       clrtext      0000
__Lcode                          code         0000
__Lcommon                        common       0000
__Lconfig                        config       0000
__LcstackBANK0                   cstackBANK0  0000
__LcstackCOMMON                  cstackCOMMON 0000
__LdataBANK0                     dataBANK0    0000
__LdataBANK1                     dataBANK1    0000
__Leeprom_data                   eeprom_data  0000
__Lend_init                      end_init     0000
__Lfunctab                       functab      0000
__Lheap                          heap         0000
__LidataBANK0                    idataBANK0   0000
__LidataBANK1                    idataBANK1   0000
__Linit                          init         0000
__Linittext                      inittext     0000
__Lintentry                      intentry     0000
__Lmaintext                      maintext     0000
__Lpowerup                       powerup      0000
__Lram                           ram          0000
__Lreset_vec                     reset_vec    0000
__Lsfr0                          sfr0         0000
__Lsfr1                          sfr1         0000
__Lsfr2                          sfr2         0000
__Lsfr3                          sfr3         0000
__Lsivt                          sivt         0000
__Lspace_0                       (abs)        0000
__Lspace_1                       (abs)        0000
__Lspace_2                       (abs)        0000
__Lspace_3                       (abs)        0000
__Lspace_4                       (abs)        0000
__Lstack                         stack        0000
__Lstrings                       strings      0000
__Lstringtext                    stringtext   0000
__Ltext                          text         0000
__S0                             (abs)        1800
__S1                             (abs)        01E5
__S3                             (abs)        0000
___awdiv                         text17       1568
___awdiv@counter                 cstackCOMMON 0074
___awdiv@dividend                cstackCOMMON 0072
___awdiv@divisor                 cstackCOMMON 0070
___awdiv@quotient                cstackCOMMON 0076
___awdiv@sign                    cstackCOMMON 0075
___awmod                         text16       14AE
___awmod@counter                 cstackCOMMON 0074
___awmod@dividend                cstackCOMMON 0072
___awmod@divisor                 cstackCOMMON 0070
___awmod@sign                    cstackCOMMON 0075
___bmul                          text4        1139
___bmul@multiplicand             cstackCOMMON 0070
___bmul@multiplier               cstackCOMMON 0072
___bmul@product                  cstackCOMMON 0071
___fldiv                         text47       0E36
___fldiv@a                       cstackBANK0  0026
___fldiv@aexp                    cstackBANK0  003F
___fldiv@b                       cstackBANK0  002A
___fldiv@bexp                    cstackBANK0  003E
___fldiv@grs                     cstackBANK0  003A
___fldiv@new_exp                 cstackBANK0  0038
___fldiv@rem                     cstackBANK0  0033
___fldiv@sign                    cstackBANK0  0037
___fltol                         text46       0A30
___fltol@exp1                    cstackBANK0  0049
___fltol@f1                      cstackBANK0  0040
___fltol@sign1                   cstackBANK0  0048
___heap_hi                       (abs)        0000
___heap_lo                       (abs)        0000
___int_sp                        stack        0000
___int_stack_hi                  stack        0000
___int_stack_lo                  stack        0000
___latbits                       (abs)        0002
___lldiv                         text21       15CB
___lldiv@counter                 cstackCOMMON 007D
___lldiv@dividend                cstackCOMMON 0074
___lldiv@divisor                 cstackCOMMON 0070
___lldiv@quotient                cstackCOMMON 0079
___lwdiv                         text45       13C7
___lwdiv@counter                 cstackCOMMON 0076
___lwdiv@dividend                cstackCOMMON 0072
___lwdiv@divisor                 cstackCOMMON 0070
___lwdiv@quotient                cstackCOMMON 0074
___lwmod                         text44       138F
___lwmod@counter                 cstackCOMMON 0074
___lwmod@dividend                cstackCOMMON 0072
___lwmod@divisor                 cstackCOMMON 0070
___sp                            stack        0000
___stack_hi                      stack        0000
___stack_lo                      stack        0000
___stackhi                       (abs)        0000
___stacklo                       (abs)        0000
___xxtofl                        text43       174A
___xxtofl@arg                    cstackBANK0  0022
___xxtofl@exp                    cstackBANK0  0021
___xxtofl@sign                   cstackBANK0  0020
___xxtofl@val                    cstackCOMMON 0076
__end_of___awdiv                 text17       15CB
__end_of___awmod                 text16       1505
__end_of___bmul                  text4        114C
__end_of___fldiv                 text47       1000
__end_of___fltol                 text46       0AA6
__end_of___lldiv                 text21       162F
__end_of___lwdiv                 text45       1409
__end_of___lwmod                 text44       13C7
__end_of___xxtofl                text43       1800
__end_of__initialization         cinit        07FC
__end_of__stringtab              strings      1012
__end_of_change_password         text11       02E9
__end_of_clcd_print              text41       12F7
__end_of_clcd_putch              text15       1102
__end_of_clcd_write              text42       138F
__end_of_clear_log               text10       14AE
__end_of_dashboard               text28       011E
__end_of_display_time            text40       145B
__end_of_download_log            text6        0CCF
__end_of_get_time                text32       11DB
__end_of_i2c_read                text38       11FC
__end_of_i2c_rep_start           text35       10CE
__end_of_i2c_start               text37       10A6
__end_of_i2c_stop                text36       10AF
__end_of_i2c_wait_for_idle       text39       10F1
__end_of_i2c_write               text34       10D9
__end_of_init_adc                text27       1095
__end_of_init_clcd               text25       10E4
__end_of_init_config             text18       1273
__end_of_init_digital_keypad     text24       108E
__end_of_init_display_controller text26       1568
__end_of_init_ds1307             text22       1114
__end_of_init_i2c                text20       1359
__end_of_init_uart               text19       1126
__end_of_login                   text13       0526
__end_of_main                    maintext     1697
__end_of_menu                    text1        0E36
__end_of_read_adc                text31       119C
__end_of_read_digital_keypad     text5        129D
__end_of_read_ds1307             text33       12C8
__end_of_read_external_eeprom    text9        0A30
__end_of_set_time                text3        07C7
__end_of_store_event             text29       174A
__end_of_strcmp                  text14       124A
__end_of_strcpy                  text12       1139
__end_of_uart_putch              text8        10B9
__end_of_uart_puts               text7        1222
__end_of_view_log                text2        0BA2
__end_of_write_ds1307            text23       117D
__end_of_write_external_eeprom   text30       1327
__initialization                 cinit        07C7
__pbssBANK0                      bssBANK0     0051
__pbssBANK1                      bssBANK1     00A0
__pbssBANK3                      bssBANK3     0190
__pcstackBANK0                   cstackBANK0  0020
__pcstackCOMMON                  cstackCOMMON 0070
__pdataBANK0                     dataBANK0    0065
__pdataBANK1                     dataBANK1    00CB
__pidataBANK0                    idataBANK0   10B9
__pidataBANK1                    idataBANK1   119C
__pmaintext                      maintext     162F
__pstrings                       strings      1000
__pstringtext                    stringtext   0800
__ptext1                         text1        0CCF
__ptext10                        text10       145B
__ptext11                        text11       011E
__ptext12                        text12       1126
__ptext13                        text13       02E9
__ptext14                        text14       1222
__ptext15                        text15       10F1
__ptext16                        text16       14AE
__ptext17                        text17       1568
__ptext18                        text18       124A
__ptext19                        text19       1114
__ptext2                         text2        0AA6
__ptext20                        text20       1327
__ptext21                        text21       15CB
__ptext22                        text22       1102
__ptext23                        text23       115F
__ptext24                        text24       1088
__ptext25                        text25       10D9
__ptext26                        text26       1505
__ptext27                        text27       108E
__ptext28                        text28       0005
__ptext29                        text29       1697
__ptext3                         text3        0526
__ptext30                        text30       12F7
__ptext31                        text31       117D
__ptext32                        text32       11BB
__ptext33                        text33       129D
__ptext34                        text34       10CE
__ptext35                        text35       10C3
__ptext36                        text36       10A6
__ptext37                        text37       109D
__ptext38                        text38       11DB
__ptext39                        text39       10E4
__ptext4                         text4        1139
__ptext40                        text40       1409
__ptext41                        text41       12C8
__ptext42                        text42       1359
__ptext43                        text43       174A
__ptext44                        text44       138F
__ptext45                        text45       13C7
__ptext46                        text46       0A30
__ptext47                        text47       0E36
__ptext5                         text5        1273
__ptext6                         text6        0BA2
__ptext7                         text7        11FC
__ptext8                         text8        10AF
__ptext9                         text9        0A05
__stringbase                     strings      1012
__stringtab                      strings      1000
_adc_val                         bssBANK1     00AE
_change_password                 text11       011E
_clcd_print                      text41       12C8
_clcd_putch                      text15       10F1
_clcd_write                      text42       1359
_clear_log                       text10       145B
_clock_reg                       bssBANK0     0061
_dashboard                       text28       0005
_display_time                    text40       1409
_download_log                    text6        0BA2
_event                           dataBANK1    00CB
_event_count                     bssBANK0     005F
_get_time                        text32       11BB
_i2c_read                        text38       11DB
_i2c_rep_start                   text35       10C3
_i2c_start                       text37       109D
_i2c_stop                        text36       10A6
_i2c_wait_for_idle               text39       10E4
_i2c_write                       text34       10CE
_init_adc                        text27       108E
_init_clcd                       text25       10D9
_init_config                     text18       124A
_init_digital_keypad             text24       1088
_init_display_controller         text26       1505
_init_ds1307                     text22       1102
_init_i2c                        text20       1327
_init_uart                       text19       1114
_login                           text13       02E9
_main                            maintext     162F
_menu                            text1        0CCF
_nDONE                           (abs)        00FA
_operation                       bssBANK0     0060
_password                        dataBANK1    00E5
_pos                             bssBANK0     0051
_read_adc                        text31       117D
_read_digital_keypad             text5        1273
_read_ds1307                     text33       129D
_read_external_eeprom            text9        0A05
_set_time                        text3        0526
_speed                           bssBANK1     00C8
_store_event                     text29       1697
_str                             dataBANK1    00DB
_strcmp                          text14       1222
_strcpy                          text12       1126
_time                            bssBANK1     00B0
_uart_putch                      text8        10AF
_uart_puts                       text7        11FC
_view_log                        text2        0AA6
_write_ds1307                    text23       115F
_write_external_eeprom           text30       12F7
btemp                            (abs)        007E
btemp0                           (abs)        007E
btemp1                           (abs)        007F
change_password@delay            bssBANK1     00A0
change_password@index            bssBANK0     0053
change_password@key              cstackCOMMON 007C
change_password@once             dataBANK0    0065
change_password@state            bssBANK0     0054
change_password@temp             bssBANK1     00BE
change_password@temp2            bssBANK1     00B9
clcd_print@addr                  cstackCOMMON 0076
clcd_print@str                   cstackCOMMON 0074
clcd_putch@addr                  cstackCOMMON 0078
clcd_putch@data                  cstackCOMMON 0079
clcd_write@byte                  cstackCOMMON 0073
clcd_write@mode                  cstackCOMMON 0070
clear_log@delay                  bssBANK1     00AA
clear_log@once                   dataBANK0    0068
clear_ram0                       clrtext      1095
dashboard@key                    cstackBANK0  004E
display_time@clock_reg           cstackCOMMON 0077
download_log@addr                cstackCOMMON 007B
download_log@i                   cstackCOMMON 007A
end_of_initialization            cinit        07FC
get_time@clock_reg               cstackCOMMON 0074
i2c_read@ack                     cstackCOMMON 0070
i2c_read@data                    cstackCOMMON 0071
i2c_write@data                   cstackCOMMON 0070
init_ds1307@dummy                cstackCOMMON 007A
init_fetch0                      inittext     114C
init_i2c@baud                    cstackBANK0  0020
init_ram0                        inittext     1150
intlevel0                        functab      0000
intlevel1                        functab      0000
intlevel2                        functab      0000
intlevel3                        functab      0000
intlevel4                        functab      0000
intlevel5                        functab      0000
login@attempts                   dataBANK0    006B
login@blink                      bssBANK1     00AC
login@blink_state                bssBANK0     005B
login@blocked                    bssBANK0     005C
login@delay                      bssBANK1     00A4
login@entered                    bssBANK1     00C3
login@i                          cstackBANK0  0021
login@index                      bssBANK0     005D
login@key                        cstackBANK0  0020
login@once                       dataBANK0    006C
login@sec_left                   dataBANK0    006A
ltemp0a                          (abs)        0080
main@key                         cstackBANK0  0050
main@ret                         cstackBANK0  004F
menu@key                         cstackBANK0  003A
menu@menu_pos                    cstackBANK0  0037
menu@redraw                      dataBANK0    0069
menu@ret                         cstackBANK0  0038
menu@ret_352                     cstackBANK0  0035
menu@select                      bssBANK0     0059
menu@top                         bssBANK0     005A
read_adc@adc_reg_val             cstackCOMMON 0073
read_adc@channel                 cstackCOMMON 0075
read_digital_keypad@mode         cstackCOMMON 0071
read_digital_keypad@once         dataBANK0    006E
read_ds1307@addr                 cstackCOMMON 0072
read_ds1307@data                 cstackCOMMON 0073
read_external_eeprom@address     cstackCOMMON 0072
read_external_eeprom@data        cstackCOMMON 0073
reset_vec                        reset_vec    0000
set_time@blink                   bssBANK1     00A8
set_time@field                   bssBANK0     0058
set_time@hours                   bssBANK0     0057
set_time@key                     cstackBANK0  0030
set_time@mins                    bssBANK0     0056
set_time@once                    dataBANK0    0067
set_time@secs                    bssBANK0     0055
set_time@temp                    cstackBANK0  0027
set_time@visible                 dataBANK0    0066
start                            init         0000
start_initialization             cinit        07C7
store_event@address              bssBANK0     005E
store_event@i                    cstackCOMMON 007C
strcmp@l                         cstackCOMMON 0070
strcmp@r                         cstackCOMMON 0071
strcpy@d                         cstackCOMMON 0073
strcpy@dest                      cstackCOMMON 0070
strcpy@src                       cstackCOMMON 0071
ttemp0a                          (abs)        007F
uart_putch@data                  cstackCOMMON 0074
uart_puts@str                    cstackCOMMON 0075
view_log@addr                    cstackBANK0  0032
view_log@key                     cstackBANK0  0031
view_log@log                     cstackBANK0  0020
view_log@log_pos                 bssBANK0     0064
write_ds1307@addr                cstackCOMMON 0079
write_ds1307@data                cstackCOMMON 0078
write_external_eeprom@address    cstackCOMMON 0074
write_external_eeprom@data       cstackCOMMON 0071
write_external_eeprom@wait       cstackCOMMON 0072
wtemp0                           (abs)        007E
wtemp0a                          (abs)        007F


MODULE INFORMATION

Module		Function		Class		Link	Load	Size
digital_keypad.c
		_init_digital_keypad		CODE           	1088	0000	6
		_read_digital_keypad		CODE           	1273	0000	42

digital_keypad.c estimated size: 48

C:\Program Files\Microchip\xc8\v3.10\pic\sources\c99\common\lwmod.c
		___lwmod       		CODE           	138F	0000	56

C:\Program Files\Microchip\xc8\v3.10\pic\sources\c99\common\lwmod.c estimated size: 56

C:\Program Files\Microchip\xc8\v3.10\pic\sources\c99\common\awmod.c
		___awmod       		CODE           	14AE	0000	87

C:\Program Files\Microchip\xc8\v3.10\pic\sources\c99\common\awmod.c estimated size: 87

uart.c
		_init_uart     		CODE           	1114	0000	18
		_uart_puts     		CODE           	11FC	0000	38
		_uart_putch    		CODE           	10AF	0000	10

uart.c estimated size: 66

i2c.c
		_i2c_start     		CODE           	109D	0000	9
		_i2c_rep_start 		CODE           	10C3	0000	11
		_i2c_write     		CODE           	10CE	0000	11
		_i2c_stop      		CODE           	10A6	0000	9
		_i2c_read      		CODE           	11DB	0000	33
		_init_i2c      		CODE           	1327	0000	50
		_i2c_wait_for_idle		CODE           	10E4	0000	13

i2c.c estimated size: 136

dashboard.c
		_dashboard     		CODE           	0005	0000	281
		_store_event   		CODE           	1697	0000	179

dashboard.c estimated size: 460

ds1307.c
		_read_ds1307   		CODE           	129D	0000	43
		_write_ds1307  		CODE           	115F	0000	30
		_display_time  		CODE           	1409	0000	82
		_get_time      		CODE           	11BB	0000	32
		_init_ds1307   		CODE           	1102	0000	18

ds1307.c estimated size: 205

C:\Program Files\Microchip\xc8\v3.10\pic\sources\c99\common\lwdiv.c
		___lwdiv       		CODE           	13C7	0000	66

C:\Program Files\Microchip\xc8\v3.10\pic\sources\c99\common\lwdiv.c estimated size: 66

C:\Program Files\Microchip\xc8\v3.10\pic\sources\c99\common\awdiv.c
		___awdiv       		CODE           	1568	0000	99

C:\Program Files\Microchip\xc8\v3.10\pic\sources\c99\common\awdiv.c estimated size: 99

adc.c
		_init_adc      		CODE           	108E	0000	7
		_read_adc      		CODE           	117D	0000	31

adc.c estimated size: 38

C:\Program Files\Microchip\xc8\v3.10\pic\sources\c99\common\fltol.c
		___fltol       		CODE           	0A30	0000	118

C:\Program Files\Microchip\xc8\v3.10\pic\sources\c99\common\fltol.c estimated size: 118

C:\Program Files\Microchip\xc8\v3.10\pic\sources\c99\common\Umul8.c
		___bmul        		CODE           	1139	0000	19

C:\Program Files\Microchip\xc8\v3.10\pic\sources\c99\common\Umul8.c estimated size: 19

C:\Program Files\Microchip\xc8\v3.10\pic\sources\c99\common\xxtofl.c
		___xxtofl      		CODE           	174A	0000	182

C:\Program Files\Microchip\xc8\v3.10\pic\sources\c99\common\xxtofl.c estimated size: 182

C:\Program Files\Microchip\xc8\v3.10\pic\sources\c99\common\sprcdiv.c
		___fldiv       		CODE           	0E36	0000	458

C:\Program Files\Microchip\xc8\v3.10\pic\sources\c99\common\sprcdiv.c estimated size: 458

external_eeprom.c
		_write_external_eeprom		CODE           	12F7	0000	48
		_read_external_eeprom		CODE           	0A05	0000	43

external_eeprom.c estimated size: 91

shared
		__stringtab    		STRING         	1000	0000	18
		__initialization		CODE           	07C7	0000	53

shared estimated size: 71

clcd.c
		_clcd_write    		CODE           	1359	0000	54
		_clcd_print    		CODE           	12C8	0000	47
		_clcd_putch    		CODE           	10F1	0000	17
		_init_display_controller		CODE           	1505	0000	99
		_init_clcd     		CODE           	10D9	0000	11

clcd.c estimated size: 228

C:\Program Files\Microchip\xc8\v3.10\pic\sources\c99\common\strcmp.c
		_strcmp        		CODE           	1222	0000	40

C:\Program Files\Microchip\xc8\v3.10\pic\sources\c99\common\strcmp.c estimated size: 40

C:\Program Files\Microchip\xc8\v3.10\pic\sources\c99\common\strcpy.c
		_strcpy        		CODE           	1126	0000	19

C:\Program Files\Microchip\xc8\v3.10\pic\sources\c99\common\strcpy.c estimated size: 19

menu.c
		_view_log      		CODE           	0AA6	0000	252
		_menu          		CODE           	0CCF	0000	359
		_change_password		CODE           	011E	0000	459
		_download_log  		CODE           	0BA2	0000	301
		_set_time      		CODE           	0526	0000	673
		_clear_log     		CODE           	145B	0000	83
		_login         		CODE           	02E9	0000	573

menu.c estimated size: 2700

C:\Program Files\Microchip\xc8\v3.10\pic\sources\c99\common\__lldiv.c
		___lldiv       		CODE           	15CB	0000	100

C:\Program Files\Microchip\xc8\v3.10\pic\sources\c99\common\__lldiv.c estimated size: 100

main.c
		_main          		CODE           	162F	0000	104
		_init_config   		CODE           	124A	0000	41

main.c estimated size: 145

