Microchip MPLAB XC8 Compiler V3.10

Linker command line:

-W-3 \
  --edf=C:\Program Files\Microchip\xc8\v3.10\pic\dat\20250813170317_en.msgs \
  -cn -h+dist/default/debug\car_blackbox.X.debug.sym \
  --cmf=dist/default/debug\car_blackbox.X.debug.cmf -z -Q16F877A \
  -oC:\Users\HP\AppData\Local\Temp\xcAsd2s.0\driver_tmp_3.o \
  --defsym=__MPLAB_BUILD=1 --fixupoverflow=error \
  -Mdist/default/debug/car_blackbox.X.debug.map \
  --md=C:\Users\HP\AppData\Local\Temp\xcAsd2s.0\driver_tmp_0.dat -E1 \
  -ver=XC8 Compiler -ACODE=00h-07FFhx4 -ASTRCODE=00h-01FFFh \
  -ASTRING=00h-0FFhx32 -ACONST=00h-0FFhx32 -AENTRY=00h-0FFhx32 \
  -ACOMMON=070h-07Fh -ABANK0=020h-06Fh -ABANK1=0A0h-0EFh \
  -ABANK2=0110h-016Fh -ABANK3=0190h-01EFh \
  -ARAM=020h-06Fh,0A0h-0EFh,0110h-016Fh,0190h-01EFh \
  -AABS1=020h-07Fh,0A0h-0EFh,0110h-016Fh,0190h-01EFh -ASFR0=00h-01Fh \
  -ASFR1=080h-09Fh -ASFR2=0100h-010Fh -ASFR3=0180h-018Fh \
  -ACONFIG=02007h-02007h -DCONFIG=2 -AIDLOC=02000h-02003h -DIDLOC=2 \
  -AEEDATA=00h-0FFh/02100h -peeprom_data=EEDATA -DEEDATA=2 -DCODE=2 \
  -DSTRCODE=2 -DSTRING=2 -DCONST=2 -DENTRY=2 \
  -preset_vec=00h,intentry,sivt,init,end_init -ppowerup=CODE -pcinit=CODE \
  -pfunctab=ENTRY -k \
  C:\Users\HP\AppData\Local\Temp\xcAsd2s.0\driver_tmp_12.o \
  dist/default/debug\car_blackbox.X.debug.o 

Object code version is 3.11

Machine type is 16F877A



                Name                               Link     Load   Length Selector   Space Scale
C:\Users\HP\AppData\Local\Temp\xcAsd2s.0\driver_tmp_12.o
                end_init                              0        0        3        0       0
                config                             2007     2007        1        0       4
dist/default/debug\car_blackbox.X.debug.o
                cinit                               7C7      7C7       39      F8E       0
                config                             2007     2007        1        0       4
                text47                              E36      E36      1CA     1C6C       0
                text46                             16D7     16D7       76     2DAE       0
                text45                             1404     1404       42     2808       0
                text44                              A0A      A0A       38     1414       0
                text43                              A42      A42       B6     1484       0
                text42                             13CE     13CE       36     279C       0
                text41                             133D     133D       2F     267A       0
                text40                             1499     1499       55     2932       0
                text39                                3        3        D        0       0
                text38                             1225     1225       21     244A       0
                text37                             10F4     10F4        9     21E8       0
                text36                             10FD     10FD        9     21FA       0
                text35                             111A     111A        B     2234       0
                text34                             1125     1125        B     224A       0
                text33                             12E7     12E7       2B     25CE       0
                text32                             1205     1205       20     240A       0
                text31                             11C7     11C7       1F     238E       0
                text30                             136C     136C       30     26D8       0
                text29                             174D     174D       B3     2E9A       0
                text28                              BF4      BF4      115     17E8       0
                text27                              A03      A03        7     1406       0
                text26                             1545     1545       63     2A8A       0
                text25                             1130     1130        B     2260       0
                text24                             10E6     10E6        6     21CC       0
                text23                             11A9     11A9       1E     2352       0
                text22                             114C     114C       12     2298       0
                text21                             160B     160B       64     2C16       0
                text20                             139C     139C       32     2738       0
                text19                             115E     115E       12     22BC       0
                text18                             1294     1294       29     2528       0
                text17                             15A8     15A8       63     2B50       0
                text16                             14EE     14EE       57     29DC       0
                text15                             113B     113B       11     2276       0
                text14                             126C     126C       28     24D8       0
                text13                              342      342      22F      684       0
                text12                             1170     1170       13     22E0       0
                text11                              177      177      1CB      2EE       0
                text10                             1446     1446       53     288C       0
                text9                              1312     1312       2B     2624       0
                text8                              1106     1106        A     220C       0
                text7                              1246     1246       26     248C       0
                text6                               D09      D09      12D     1A12       0
                text5                              12BD     12BD       2A     257A       0
                text4                              1183     1183       13     2306       0
                text3                               571      571      256      AE2       0
                text2                               AF8      AF8       FC     15F0       0
                text1                                10       10      167       20       0
                maintext                           166F     166F       68     2CDE       0
                cstackBANK0                          20       20       31       20       1
                cstackCOMMON                         70       70        E       70       1
                clrtext                            10EC     10EC        8     21D8       0
                inittext                           1196     1196       13     232C       0
                bssBANK3                            190      190       55      190       1
                dataBANK1                            CA       CA       1F       A0       1
                bssBANK1                             A0       A0       2A       A0       1
                dataBANK0                            66       66        A       20       1
                bssBANK0                             51       51       15       20       1
                stringtext                          800      800      203       10       0
                strings                            1000     1000       12     2000       0
                idataBANK1                         11E6     11E6       1F     23CC       0
                idataBANK0                         1110     1110        A     2220       0

TOTAL           Name                               Link     Load   Length     Space
        CLASS   CODE           
                end_init                              0        0        3         0
                cinit                               7C7      7C7       39         0
                text47                              E36      E36      1CA         0
                text46                             16D7     16D7       76         0
                text45                             1404     1404       42         0
                text44                              A0A      A0A       38         0
                text43                              A42      A42       B6         0
                text42                             13CE     13CE       36         0
                text41                             133D     133D       2F         0
                text40                             1499     1499       55         0
                text39                                3        3        D         0
                text38                             1225     1225       21         0
                text37                             10F4     10F4        9         0
                text36                             10FD     10FD        9         0
                text35                             111A     111A        B         0
                text34                             1125     1125        B         0
                text33                             12E7     12E7       2B         0
                text32                             1205     1205       20         0
                text31                             11C7     11C7       1F         0
                text30                             136C     136C       30         0
                text29                             174D     174D       B3         0
                text28                              BF4      BF4      115         0
                text27                              A03      A03        7         0
                text26                             1545     1545       63         0
                text25                             1130     1130        B         0
                text24                             10E6     10E6        6         0
                text23                             11A9     11A9       1E         0
                text22                             114C     114C       12         0
                text21                             160B     160B       64         0
                text20                             139C     139C       32         0
                text19                             115E     115E       12         0
                text18                             1294     1294       29         0
                text17                             15A8     15A8       63         0
                text16                             14EE     14EE       57         0
                text15                             113B     113B       11         0
                text14                             126C     126C       28         0
                text13                              342      342      22F         0
                text12                             1170     1170       13         0
                text11                              177      177      1CB         0
                text10                             1446     1446       53         0
                text9                              1312     1312       2B         0
                text8                              1106     1106        A         0
                text7                              1246     1246       26         0
                text6                               D09      D09      12D         0
                text5                              12BD     12BD       2A         0
                text4                              1183     1183       13         0
                text3                               571      571      256         0
                text2                               AF8      AF8       FC         0
                text1                                10       10      167         0
                maintext                           166F     166F       68         0
                clrtext                            10EC     10EC        8         0
                inittext                           1196     1196       13         0
                idataBANK1                         11E6     11E6       1F         0
                idataBANK0                         1110     1110        A         0

        CLASS   STRCODE        
                stringtext                          800      800      203         0

        CLASS   STRING         
                strings                            1000     1000       12         0

        CLASS   CONST          

        CLASS   ENTRY          

        CLASS   COMMON         
                cstackCOMMON                         70       70        E         1

        CLASS   BANK0          
                cstackBANK0                          20       20       31         1
                dataBANK0                            66       66        A         1
                bssBANK0                             51       51       15         1

        CLASS   BANK1          
                dataBANK1                            CA       CA       1F         1
                bssBANK1                             A0       A0       2A         1

        CLASS   BANK2          

        CLASS   BANK3          
                bssBANK3                            190      190       55         1

        CLASS   RAM            

        CLASS   ABS1           
                abs_s1                               7E       7E        2         1

        CLASS   SFR0           

        CLASS   SFR1           

        CLASS   SFR2           

        CLASS   SFR3           

        CLASS   CONFIG         
                config                             2007     2007        1         4

        CLASS   IDLOC          

        CLASS   EEDATA         

        CLASS   HEAP           

        CLASS   STACK          



SEGMENTS        Name                           Load    Length   Top    Selector   Space  Class     Delta

                reset_vec                      000000  000010  000010         0       0  CODE        2
                cstackBANK0                    000020  000050  000070        20       1  BANK0       1
                text1                          000010  000167  000177        20       0  CODE        2
                cstackCOMMON                   000070  00000E  00007E        70       1  COMMON      1
                bssBANK1                       0000A0  000049  0000E9        A0       1  BANK1       1
                bssBANK3                       000190  000055  0001E5       190       1  BANK3       1
                text11                         000177  0001CB  000342       2EE       0  CODE        2
                text13                         000342  00022F  000571       684       0  CODE        2
                text3                          000571  000256  0007C7       AE2       0  CODE        2
                cinit                          0007C7  000039  000800       F8E       0  CODE        2
                stringtext                     000800  000203  000A03        10       0  STRCODE     2
                text27                         000A03  000007  000A0A      1406       0  CODE        2
                text44                         000A0A  000038  000A42      1414       0  CODE        2
                text43                         000A42  0000B6  000AF8      1484       0  CODE        2
                text2                          000AF8  0000FC  000BF4      15F0       0  CODE        2
                text28                         000BF4  000115  000D09      17E8       0  CODE        2
                text6                          000D09  00012D  000E36      1A12       0  CODE        2
                text47                         000E36  0001CA  001000      1C6C       0  CODE        2
                strings                        001000  000012  001012      2000       0  STRING      2
                text24                         0010E6  000006  0010EC      21CC       0  CODE        2
                clrtext                        0010EC  000008  0010F4      21D8       0  CODE        2
                text37                         0010F4  000009  0010FD      21E8       0  CODE        2
                text36                         0010FD  000009  001106      21FA       0  CODE        2
                text8                          001106  00000A  001110      220C       0  CODE        2
                idataBANK0                     001110  00000A  00111A      2220       0  CODE        2
                text35                         00111A  00000B  001125      2234       0  CODE        2
                text34                         001125  00000B  001130      224A       0  CODE        2
                text25                         001130  00000B  00113B      2260       0  CODE        2
                text15                         00113B  000011  00114C      2276       0  CODE        2
                text22                         00114C  000012  00115E      2298       0  CODE        2
                text19                         00115E  000012  001170      22BC       0  CODE        2
                text12                         001170  000013  001183      22E0       0  CODE        2
                text4                          001183  000013  001196      2306       0  CODE        2
                inittext                       001196  000013  0011A9      232C       0  CODE        2
                text23                         0011A9  00001E  0011C7      2352       0  CODE        2
                text31                         0011C7  00001F  0011E6      238E       0  CODE        2
                idataBANK1                     0011E6  00001F  001205      23CC       0  CODE        2
                text32                         001205  000020  001225      240A       0  CODE        2
                text38                         001225  000021  001246      244A       0  CODE        2
                text7                          001246  000026  00126C      248C       0  CODE        2
                text14                         00126C  000028  001294      24D8       0  CODE        2
                text18                         001294  000029  0012BD      2528       0  CODE        2
                text5                          0012BD  00002A  0012E7      257A       0  CODE        2
                text33                         0012E7  00002B  001312      25CE       0  CODE        2
                text9                          001312  00002B  00133D      2624       0  CODE        2
                text41                         00133D  00002F  00136C      267A       0  CODE        2
                text30                         00136C  000030  00139C      26D8       0  CODE        2
                text20                         00139C  000032  0013CE      2738       0  CODE        2
                text42                         0013CE  000036  001404      279C       0  CODE        2
                text45                         001404  000042  001446      2808       0  CODE        2
                text10                         001446  000053  001499      288C       0  CODE        2
                text40                         001499  000055  0014EE      2932       0  CODE        2
                text16                         0014EE  000057  001545      29DC       0  CODE        2
                text26                         001545  000063  0015A8      2A8A       0  CODE        2
                text17                         0015A8  000063  00160B      2B50       0  CODE        2
                text21                         00160B  000064  00166F      2C16       0  CODE        2
                maintext                       00166F  000068  0016D7      2CDE       0  CODE        2
                text46                         0016D7  000076  00174D      2DAE       0  CODE        2
                text29                         00174D  0000B3  001800      2E9A       0  CODE        2


UNUSED ADDRESS RANGES

        Name                Unused          Largest block    Delta
        BANK1            00E9-00EF              7           1
        BANK2            0110-016F             60           1
        BANK3            01E5-01EF              B           1
        CODE             1012-10E5             D4           2
                         1800-1FFF            800
        CONST            1012-10E5             D4           2
                         1800-1FFF            100
        EEDATA           2100-21FF            100           2
        ENTRY            1012-10E5             D4           2
                         1800-1FFF            100
        IDLOC            2000-2003              4           2
        RAM              00E9-00EF              7           1
                         0110-016F             60
                         01E5-01EF              B
        SFR0             0000-001F             20           1
        SFR1             0080-009F             20           1
        SFR2             0100-010F             10           1
        SFR3             0180-018F             10           1
        STRCODE          1012-10E5             D4           2
                         1800-1FFF            800
        STRING           1012-10E5             D4           2
                         1800-1FFF            100

                                  Symbol Table

?___awdiv                        cstackCOMMON 0070
?___awmod                        cstackCOMMON 0070
?___fldiv                        cstackBANK0  0026
?___fltol                        cstackBANK0  0040
?___lldiv                        cstackCOMMON 0070
?___lwdiv                        cstackCOMMON 0070
?___lwmod                        cstackCOMMON 0070
?___xxtofl                       cstackCOMMON 0076
?_change_password                cstackCOMMON 007A
?_read_adc                       cstackCOMMON 0070
?_strcmp                         cstackCOMMON 0070
_ACKDT                           (abs)        048D
_ACKEN                           (abs)        048C
_ACKSTAT                         (abs)        048E
_ADCON0                          (abs)        001F
_ADFM                            (abs)        04FF
_ADON                            (abs)        00F8
_ADRESH                          (abs)        001E
_ADRESL                          (abs)        009E
_BRGH                            (abs)        04C2
_CREN                            (abs)        00C4
_GO                              (abs)        00FA
_PEN                             (abs)        048A
_PORTB                           (abs)        0006
_PORTD                           (abs)        0008
_RCEN                            (abs)        048B
_RE1                             (abs)        0049
_RE2                             (abs)        004A
_R_nW                            (abs)        04A2
_SEN                             (abs)        0488
_SPBRG                           (abs)        0099
_SPEN                            (abs)        00C7
_SSPADD                          (abs)        0093
_SSPBUF                          (abs)        0013
_SSPCON2                         (abs)        0091
_SSPEN                           (abs)        00A5
_SSPM3                           (abs)        00A3
_SYNC                            (abs)        04C4
_TRISB                           (abs)        0086
_TRISC6                          (abs)        043E
_TRISC7                          (abs)        043F
_TRISD                           (abs)        0088
_TRISE1                          (abs)        0449
_TRISE2                          (abs)        044A
_TXEN                            (abs)        04C5
_TXIF                            (abs)        0064
_TXREG                           (abs)        0019
__H__absolute__                  __absolute__ 0000
__Habs1                          abs1         0000
__Hbank0                         bank0        0000
__Hbank1                         bank1        0000
__Hbank2                         bank2        0000
__Hbank3                         bank3        0000
__HbssBANK0                      bssBANK0     0000
__HbssBANK1                      bssBANK1     0000
__HbssBANK3                      bssBANK3     0000
__Hcinit                         cinit        0800
__Hclrtext                       clrtext      0000
__Hcode                          code         0000
__Hcommon                        common       0000
__Hconfig                        config       2008
__HcstackBANK0                   cstackBANK0  0000
__HcstackCOMMON                  cstackCOMMON 0000
__HdataBANK0                     dataBANK0    0000
__HdataBANK1                     dataBANK1    0000
__Heeprom_data                   eeprom_data  0000
__Hend_init                      end_init     0003
__Hfunctab                       functab      0000
__Hheap                          heap         0000
__HidataBANK0                    idataBANK0   0000
__HidataBANK1                    idataBANK1   0000
__Hinit                          init         0000
__Hinittext                      inittext     0000
__Hintentry                      intentry     0000
__Hmaintext                      maintext     0000
__Hpowerup                       powerup      0000
__Hram                           ram          0000
__Hreset_vec                     reset_vec    0000
__Hsfr0                          sfr0         0000
__Hsfr1                          sfr1         0000
__Hsfr2                          sfr2         0000
__Hsfr3                          sfr3         0000
__Hsivt                          sivt         0000
__Hspace_0                       (abs)        1800
__Hspace_1                       (abs)        01E5
__Hspace_2                       (abs)        0000
__Hspace_3                       (abs)        0000
__Hspace_4                       (abs)        400F
__Hstack                         stack        0000
__Hstrings                       strings      0000
__Hstringtext                    stringtext   0000
__Htext                          text         0000
__L__absolute__                  __absolute__ 0000
__Labs1                          abs1         0000
__Lbank0                         bank0        0000
__Lbank1                         bank1        0000
__Lbank2                         bank2        0000
__Lbank3                         bank3        0000
__LbssBANK0                      bssBANK0     0000
__LbssBANK1                      bssBANK1     0000
__LbssBANK3                      bssBANK3     0000
__Lcinit                         cinit        07C7
__Lclrtext                       clrtext      0000
__Lcode                          code         0000
__Lcommon                        common       0000
__Lconfig                        config       0000
__LcstackBANK0                   cstackBANK0  0000
__LcstackCOMMON                  cstackCOMMON 0000
__LdataBANK0                     dataBANK0    0000
__LdataBANK1                     dataBANK1    0000
__Leeprom_data                   eeprom_data  0000
__Lend_init                      end_init     0000
__Lfunctab                       functab      0000
__Lheap                          heap         0000
__LidataBANK0                    idataBANK0   0000
__LidataBANK1                    idataBANK1   0000
__Linit                          init         0000
__Linittext                      inittext     0000
__Lintentry                      intentry     0000
__Lmaintext                      maintext     0000
__Lpowerup                       powerup      0000
__Lram                           ram          0000
__Lreset_vec                     reset_vec    0000
__Lsfr0                          sfr0         0000
__Lsfr1                          sfr1         0000
__Lsfr2                          sfr2         0000
__Lsfr3                          sfr3         0000
__Lsivt                          sivt         0000
__Lspace_0                       (abs)        0000
__Lspace_1                       (abs)        0000
__Lspace_2                       (abs)        0000
__Lspace_3                       (abs)        0000
__Lspace_4                       (abs)        0000
__Lstack                         stack        0000
__Lstrings                       strings      0000
__Lstringtext                    stringtext   0000
__Ltext                          text         0000
__S0                             (abs)        1800
__S1                             (abs)        01E5
__S3                             (abs)        0000
___awdiv                         text17       15A8
___awdiv@counter                 cstackCOMMON 0074
___awdiv@dividend                cstackCOMMON 0072
___awdiv@divisor                 cstackCOMMON 0070
___awdiv@quotient                cstackCOMMON 0076
___awdiv@sign                    cstackCOMMON 0075
___awmod                         text16       14EE
___awmod@counter                 cstackCOMMON 0074
___awmod@dividend                cstackCOMMON 0072
___awmod@divisor                 cstackCOMMON 0070
___awmod@sign                    cstackCOMMON 0075
___bmul                          text4        1183
___bmul@multiplicand             cstackCOMMON 0070
___bmul@multiplier               cstackCOMMON 0072
___bmul@product                  cstackCOMMON 0071
___fldiv                         text47       0E36
___fldiv@a                       cstackBANK0  0026
___fldiv@aexp                    cstackBANK0  003F
___fldiv@b                       cstackBANK0  002A
___fldiv@bexp                    cstackBANK0  003E
___fldiv@grs                     cstackBANK0  003A
___fldiv@new_exp                 cstackBANK0  0038
___fldiv@rem                     cstackBANK0  0033
___fldiv@sign                    cstackBANK0  0037
___fltol                         text46       16D7
___fltol@exp1                    cstackBANK0  0049
___fltol@f1                      cstackBANK0  0040
___fltol@sign1                   cstackBANK0  0048
___heap_hi                       (abs)        0000
___heap_lo                       (abs)        0000
___int_sp                        stack        0000
___int_stack_hi                  stack        0000
___int_stack_lo                  stack        0000
___latbits                       (abs)        0002
___lldiv                         text21       160B
___lldiv@counter                 cstackCOMMON 007D
___lldiv@dividend                cstackCOMMON 0074
___lldiv@divisor                 cstackCOMMON 0070
___lldiv@quotient                cstackCOMMON 0079
___lwdiv                         text45       1404
___lwdiv@counter                 cstackCOMMON 0076
___lwdiv@dividend                cstackCOMMON 0072
___lwdiv@divisor                 cstackCOMMON 0070
___lwdiv@quotient                cstackCOMMON 0074
___lwmod                         text44       0A0A
___lwmod@counter                 cstackCOMMON 0074
___lwmod@dividend                cstackCOMMON 0072
___lwmod@divisor                 cstackCOMMON 0070
___sp                            stack        0000
___stack_hi                      stack        0000
___stack_lo                      stack        0000
___stackhi                       (abs)        0000
___stacklo                       (abs)        0000
___xxtofl                        text43       0A42
___xxtofl@arg                    cstackBANK0  0022
___xxtofl@exp                    cstackBANK0  0021
___xxtofl@sign                   cstackBANK0  0020
___xxtofl@val                    cstackCOMMON 0076
__end_of___awdiv                 text17       160B
__end_of___awmod                 text16       1545
__end_of___bmul                  text4        1196
__end_of___fldiv                 text47       1000
__end_of___fltol                 text46       174D
__end_of___lldiv                 text21       166F
__end_of___lwdiv                 text45       1446
__end_of___lwmod                 text44       0A42
__end_of___xxtofl                text43       0AF8
__end_of__initialization         cinit        07FC
__end_of__stringtab              strings      1012
__end_of_change_password         text11       0342
__end_of_clcd_print              text41       136C
__end_of_clcd_putch              text15       114C
__end_of_clcd_write              text42       1404
__end_of_clear_log               text10       1499
__end_of_dashboard               text28       0D09
__end_of_display_time            text40       14EE
__end_of_download_log            text6        0E36
__end_of_get_time                text32       1225
__end_of_i2c_read                text38       1246
__end_of_i2c_rep_start           text35       1125
__end_of_i2c_start               text37       10FD
__end_of_i2c_stop                text36       1106
__end_of_i2c_wait_for_idle       text39       0010
__end_of_i2c_write               text34       1130
__end_of_init_adc                text27       0A0A
__end_of_init_clcd               text25       113B
__end_of_init_config             text18       12BD
__end_of_init_digital_keypad     text24       10EC
__end_of_init_display_controller text26       15A8
__end_of_init_ds1307             text22       115E
__end_of_init_i2c                text20       13CE
__end_of_init_uart               text19       1170
__end_of_login                   text13       0571
__end_of_main                    maintext     16D7
__end_of_menu                    text1        0177
__end_of_read_adc                text31       11E6
__end_of_read_digital_keypad     text5        12E7
__end_of_read_ds1307             text33       1312
__end_of_read_external_eeprom    text9        133D
__end_of_set_time                text3        07C7
__end_of_store_event             text29       1800
__end_of_strcmp                  text14       1294
__end_of_strcpy                  text12       1183
__end_of_uart_putch              text8        1110
__end_of_uart_puts               text7        126C
__end_of_view_log                text2        0BF4
__end_of_write_ds1307            text23       11C7
__end_of_write_external_eeprom   text30       139C
__initialization                 cinit        07C7
__pbssBANK0                      bssBANK0     0051
__pbssBANK1                      bssBANK1     00A0
__pbssBANK3                      bssBANK3     0190
__pcstackBANK0                   cstackBANK0  0020
__pcstackCOMMON                  cstackCOMMON 0070
__pdataBANK0                     dataBANK0    0066
__pdataBANK1                     dataBANK1    00CA
__pidataBANK0                    idataBANK0   1110
__pidataBANK1                    idataBANK1   11E6
__pmaintext                      maintext     166F
__pstrings                       strings      1000
__pstringtext                    stringtext   0800
__ptext1                         text1        0010
__ptext10                        text10       1446
__ptext11                        text11       0177
__ptext12                        text12       1170
__ptext13                        text13       0342
__ptext14                        text14       126C
__ptext15                        text15       113B
__ptext16                        text16       14EE
__ptext17                        text17       15A8
__ptext18                        text18       1294
__ptext19                        text19       115E
__ptext2                         text2        0AF8
__ptext20                        text20       139C
__ptext21                        text21       160B
__ptext22                        text22       114C
__ptext23                        text23       11A9
__ptext24                        text24       10E6
__ptext25                        text25       1130
__ptext26                        text26       1545
__ptext27                        text27       0A03
__ptext28                        text28       0BF4
__ptext29                        text29       174D
__ptext3                         text3        0571
__ptext30                        text30       136C
__ptext31                        text31       11C7
__ptext32                        text32       1205
__ptext33                        text33       12E7
__ptext34                        text34       1125
__ptext35                        text35       111A
__ptext36                        text36       10FD
__ptext37                        text37       10F4
__ptext38                        text38       1225
__ptext39                        text39       0003
__ptext4                         text4        1183
__ptext40                        text40       1499
__ptext41                        text41       133D
__ptext42                        text42       13CE
__ptext43                        text43       0A42
__ptext44                        text44       0A0A
__ptext45                        text45       1404
__ptext46                        text46       16D7
__ptext47                        text47       0E36
__ptext5                         text5        12BD
__ptext6                         text6        0D09
__ptext7                         text7        1246
__ptext8                         text8        1106
__ptext9                         text9        1312
__stringbase                     strings      1012
__stringtab                      strings      1000
_adc_val                         bssBANK0     0053
_change_password                 text11       0177
_clcd_print                      text41       133D
_clcd_putch                      text15       113B
_clcd_write                      text42       13CE
_clear_log                       text10       1446
_clock_reg                       bssBANK1     00C7
_dashboard                       text28       0BF4
_display_time                    text40       1499
_download_log                    text6        0D09
_event                           dataBANK1    00CA
_event_count                     bssBANK0     0063
_get_time                        text32       1205
_i2c_read                        text38       1225
_i2c_rep_start                   text35       111A
_i2c_start                       text37       10F4
_i2c_stop                        text36       10FD
_i2c_wait_for_idle               text39       0003
_i2c_write                       text34       1125
_init_adc                        text27       0A03
_init_clcd                       text25       1130
_init_config                     text18       1294
_init_digital_keypad             text24       10E6
_init_display_controller         text26       1545
_init_ds1307                     text22       114C
_init_i2c                        text20       139C
_init_uart                       text19       115E
_login                           text13       0342
_main                            maintext     166F
_menu                            text1        0010
_nDONE                           (abs)        00FA
_operation                       bssBANK0     0064
_password                        dataBANK1    00E4
_pos                             bssBANK0     0055
_read_adc                        text31       11C7
_read_digital_keypad             text5        12BD
_read_ds1307                     text33       12E7
_read_external_eeprom            text9        1312
_set_time                        text3        0571
_speed                           bssBANK1     00C4
_store_event                     text29       174D
_str                             dataBANK1    00DA
_strcmp                          text14       126C
_strcpy                          text12       1170
_time                            bssBANK1     00AC
_uart_putch                      text8        1106
_uart_puts                       text7        1246
_view_log                        text2        0AF8
_write_ds1307                    text23       11A9
_write_external_eeprom           text30       136C
btemp                            (abs)        007E
btemp0                           (abs)        007E
btemp1                           (abs)        007F
change_password@delay            bssBANK1     00A0
change_password@index            bssBANK0     0057
change_password@key              cstackCOMMON 007C
change_password@once             dataBANK0    0066
change_password@state            bssBANK0     0058
change_password@temp             bssBANK1     00BA
change_password@temp2            bssBANK1     00B5
clcd_print@addr                  cstackCOMMON 0076
clcd_print@str                   cstackCOMMON 0074
clcd_putch@addr                  cstackCOMMON 0078
clcd_putch@data                  cstackCOMMON 0079
clcd_write@byte                  cstackCOMMON 0073
clcd_write@mode                  cstackCOMMON 0070
clear_log@delay                  bssBANK1     00AA
clear_log@once                   dataBANK0    0069
clear_ram0                       clrtext      10EC
dashboard@key                    cstackBANK0  004E
display_time@clock_reg           cstackCOMMON 0077
display_time@hr                  cstackCOMMON 0079
display_time@sec                 cstackCOMMON 007A
download_log@addr                cstackCOMMON 007B
download_log@i                   cstackCOMMON 007A
end_of_initialization            cinit        07FC
get_time@clock_reg               cstackCOMMON 0074
i2c_read@ack                     cstackCOMMON 0070
i2c_read@data                    cstackCOMMON 0071
i2c_write@data                   cstackCOMMON 0070
init_ds1307@dummy                cstackCOMMON 007A
init_fetch0                      inittext     1196
init_i2c@baud                    cstackBANK0  0020
init_ram0                        inittext     119A
intlevel0                        functab      0000
intlevel1                        functab      0000
intlevel2                        functab      0000
intlevel3                        functab      0000
intlevel4                        functab      0000
intlevel5                        functab      0000
login@attempts                   dataBANK0    006C
login@blink                      bssBANK0     0051
login@blink_state                bssBANK0     005F
login@blocked                    bssBANK0     0060
login@delay                      bssBANK1     00A4
login@entered                    bssBANK1     00BF
login@i                          cstackBANK0  0021
login@index                      bssBANK0     0061
login@key                        cstackBANK0  0020
login@once                       dataBANK0    006D
login@sec_left                   dataBANK0    006B
ltemp0a                          (abs)        0080
main@key                         cstackBANK0  0050
main@ret                         cstackBANK0  004F
menu@key                         cstackBANK0  003A
menu@menu_pos                    cstackBANK0  0037
menu@redraw                      dataBANK0    006A
menu@ret                         cstackBANK0  0038
menu@ret_355                     cstackBANK0  0035
menu@select                      bssBANK0     005D
menu@top                         bssBANK0     005E
read_adc@adc_reg_val             cstackCOMMON 0073
read_adc@channel                 cstackCOMMON 0075
read_digital_keypad@mode         cstackCOMMON 0071
read_digital_keypad@once         dataBANK0    006F
read_ds1307@addr                 cstackCOMMON 0072
read_ds1307@data                 cstackCOMMON 0073
read_external_eeprom@address     cstackCOMMON 0072
read_external_eeprom@data        cstackCOMMON 0073
reset_vec                        reset_vec    0000
set_time@blink                   bssBANK1     00A8
set_time@field                   bssBANK0     005C
set_time@hours                   bssBANK0     005B
set_time@key                     cstackBANK0  0030
set_time@mins                    bssBANK0     005A
set_time@once                    dataBANK0    0068
set_time@secs                    bssBANK0     0059
set_time@temp                    cstackBANK0  0027
set_time@visible                 dataBANK0    0067
start                            init         0000
start_initialization             cinit        07C7
store_event@address              bssBANK0     0062
store_event@i                    cstackCOMMON 007C
strcmp@l                         cstackCOMMON 0070
strcmp@r                         cstackCOMMON 0071
strcpy@d                         cstackCOMMON 0072
strcpy@dest                      cstackCOMMON 0070
strcpy@src                       cstackCOMMON 0071
ttemp0a                          (abs)        007F
uart_putch@data                  cstackCOMMON 0074
uart_puts@str                    cstackCOMMON 0075
view_log@addr                    cstackBANK0  0032
view_log@key                     cstackBANK0  0031
view_log@log                     cstackBANK0  0020
view_log@log_pos                 bssBANK0     0065
write_ds1307@addr                cstackCOMMON 0079
write_ds1307@data                cstackCOMMON 0078
write_external_eeprom@address    cstackCOMMON 0074
write_external_eeprom@data       cstackCOMMON 0071
write_external_eeprom@wait       cstackCOMMON 0072
wtemp0                           (abs)        007E
wtemp0a                          (abs)        007F


MODULE INFORMATION

Module		Function		Class		Link	Load	Size
digital_keypad.c
		_init_digital_keypad		CODE           	10E6	0000	6
		_read_digital_keypad		CODE           	12BD	0000	42

digital_keypad.c estimated size: 48

C:\Program Files\Microchip\xc8\v3.10\pic\sources\c99\common\lwmod.c
		___lwmod       		CODE           	0A0A	0000	56

C:\Program Files\Microchip\xc8\v3.10\pic\sources\c99\common\lwmod.c estimated size: 56

C:\Program Files\Microchip\xc8\v3.10\pic\sources\c99\common\awmod.c
		___awmod       		CODE           	14EE	0000	87

C:\Program Files\Microchip\xc8\v3.10\pic\sources\c99\common\awmod.c estimated size: 87

uart.c
		_init_uart     		CODE           	115E	0000	18
		_uart_puts     		CODE           	1246	0000	38
		_uart_putch    		CODE           	1106	0000	10

uart.c estimated size: 66

i2c.c
		_i2c_start     		CODE           	10F4	0000	9
		_i2c_rep_start 		CODE           	111A	0000	11
		_i2c_write     		CODE           	1125	0000	11
		_i2c_stop      		CODE           	10FD	0000	9
		_i2c_read      		CODE           	1225	0000	33
		_init_i2c      		CODE           	139C	0000	50
		_i2c_wait_for_idle		CODE           	0003	0000	13

i2c.c estimated size: 136

dashboard.c
		_dashboard     		CODE           	0BF4	0000	277
		_store_event   		CODE           	174D	0000	179

dashboard.c estimated size: 456

ds1307.c
		_read_ds1307   		CODE           	12E7	0000	43
		_write_ds1307  		CODE           	11A9	0000	30
		_display_time  		CODE           	1499	0000	85
		_get_time      		CODE           	1205	0000	32
		_init_ds1307   		CODE           	114C	0000	18

ds1307.c estimated size: 208

C:\Program Files\Microchip\xc8\v3.10\pic\sources\c99\common\lwdiv.c
		___lwdiv       		CODE           	1404	0000	66

C:\Program Files\Microchip\xc8\v3.10\pic\sources\c99\common\lwdiv.c estimated size: 66

C:\Program Files\Microchip\xc8\v3.10\pic\sources\c99\common\awdiv.c
		___awdiv       		CODE           	15A8	0000	99

C:\Program Files\Microchip\xc8\v3.10\pic\sources\c99\common\awdiv.c estimated size: 99

adc.c
		_init_adc      		CODE           	0A03	0000	7
		_read_adc      		CODE           	11C7	0000	31

adc.c estimated size: 38

C:\Program Files\Microchip\xc8\v3.10\pic\sources\c99\common\fltol.c
		___fltol       		CODE           	16D7	0000	118

C:\Program Files\Microchip\xc8\v3.10\pic\sources\c99\common\fltol.c estimated size: 118

C:\Program Files\Microchip\xc8\v3.10\pic\sources\c99\common\Umul8.c
		___bmul        		CODE           	1183	0000	19

C:\Program Files\Microchip\xc8\v3.10\pic\sources\c99\common\Umul8.c estimated size: 19

C:\Program Files\Microchip\xc8\v3.10\pic\sources\c99\common\xxtofl.c
		___xxtofl      		CODE           	0A42	0000	182

C:\Program Files\Microchip\xc8\v3.10\pic\sources\c99\common\xxtofl.c estimated size: 182

C:\Program Files\Microchip\xc8\v3.10\pic\sources\c99\common\sprcdiv.c
		___fldiv       		CODE           	0E36	0000	458

C:\Program Files\Microchip\xc8\v3.10\pic\sources\c99\common\sprcdiv.c estimated size: 458

external_eeprom.c
		_write_external_eeprom		CODE           	136C	0000	48
		_read_external_eeprom		CODE           	1312	0000	43

external_eeprom.c estimated size: 91

shared
		__stringtab    		STRING         	1000	0000	18
		__initialization		CODE           	07C7	0000	53

shared estimated size: 71

clcd.c
		_clcd_write    		CODE           	13CE	0000	54
		_clcd_print    		CODE           	133D	0000	47
		_clcd_putch    		CODE           	113B	0000	17
		_init_display_controller		CODE           	1545	0000	99
		_init_clcd     		CODE           	1130	0000	11

clcd.c estimated size: 228

C:\Program Files\Microchip\xc8\v3.10\pic\sources\c99\common\strcmp.c
		_strcmp        		CODE           	126C	0000	40

C:\Program Files\Microchip\xc8\v3.10\pic\sources\c99\common\strcmp.c estimated size: 40

C:\Program Files\Microchip\xc8\v3.10\pic\sources\c99\common\strcpy.c
		_strcpy        		CODE           	1170	0000	19

C:\Program Files\Microchip\xc8\v3.10\pic\sources\c99\common\strcpy.c estimated size: 19

menu.c
		_view_log      		CODE           	0AF8	0000	252
		_menu          		CODE           	0010	0000	359
		_change_password		CODE           	0177	0000	459
		_download_log  		CODE           	0D09	0000	301
		_set_time      		CODE           	0571	0000	598
		_clear_log     		CODE           	1446	0000	83
		_login         		CODE           	0342	0000	559

menu.c estimated size: 2611

C:\Program Files\Microchip\xc8\v3.10\pic\sources\c99\common\__lldiv.c
		___lldiv       		CODE           	160B	0000	100

C:\Program Files\Microchip\xc8\v3.10\pic\sources\c99\common\__lldiv.c estimated size: 100

main.c
		_main          		CODE           	166F	0000	104
		_init_config   		CODE           	1294	0000	41

main.c estimated size: 145

